[www.tgv4plus.com/index.html]
[backblue.gif]
[fade.gif]
[index.html]
[www.tgv4plus.com/uploads/1/5/3/7/153740447/true-global-ventures-logo-white_orig.png]
[www.tgv4plus.com/uploads/1/5/3/7/153740447/whatsapp-image-2025-09-04-at-04-34-04_orig.jpg]
[www.tgv4plus.com/uploads/1/5/3/7/153740447/tgv-logo.png]
[www.tgv4plus.com/files/main_stylea677.css]
[www.tgv4plus.com/files/templateArtifactsa677.js]
[www.tgv4plus.com/portfolio.html]
[www.tgv4plus.com/tgv-global-competitions.html]
[www.tgv4plus.com/team.html]
[www.tgv4plus.com/ai-investor-judges.html]
[www.tgv4plus.com/tgv-global-competition-2024.html]
[www.tgv4plus.com/tgv-global-competition-2024-blockchain-sustainability.html]
[www.tgv4plus.com/tgv-global-competition-2018.html]
[www.tgv4plus.com/our-events.html]
[www.tgv4plus.com/past-events.html]
[www.tgv4plus.com/upcoming-events.html]
[www.tgv4plus.com/media--press.html]
[www.tgv4plus.com/media-coverage.html]
[www.tgv4plus.com/tgv-granted-cms-license-by-mas.html]
[www.tgv4plus.com/tgv-invests-in-bookitngo.html]
[www.tgv4plus.com/tgv-press-releases.html]
[www.tgv4plus.com/tgv-invests-in-busup.html]
[www.tgv4plus.com/tgv-invests-in-silicon-valley-based-covu.html]
[www.tgv4plus.com/tgv-invests-in-prezentai.html]
[www.tgv4plus.com/validation-cloud-secures-10m-lead-to-scale-ai-for-web3-from-true-global-ventures.html]
[www.tgv4plus.com/obligo-raises-35m-to-expand-its-security-deposit-solutions-across-millions-of-us-homes.html]
[www.tgv4plus.com/tookitaki-ai-compliance-solution-drives-expansion-across-key-asian-markets-with-funding-from-true-global-ventures.html]
[www.tgv4plus.com/tgv-invests-in-printler.html]
[www.tgv4plus.com/true-global-ventures-opportunity-fund-invests-in-jus-mundi.html]
[www.tgv4plus.com/bookit-n-go-a-travel-technology-company-announces-the-successful-closure.html]
[www.tgv4plus.com/animoca-brands-update-on-financial-position.html]
[www.tgv4plus.com/animoca-brands-joins-chromia-as-a-network-provider.html]
[www.tgv4plus.com/appointment-of-beatrice-lion-as-ceo.html]
[www.tgv4plus.com/insights-on-megatrends.html]
[www.tgv4plus.com/aya-platform-of-enjinstarter-granted-virtual-asset-service-provider-licence-by-dubairsquos-virtual-assets-regulatory-authority.html]
[www.tgv4plus.com/tgv-4-plus-rebrands-to-opportunity-fund.html]
[www.tgv4plus.com/tgv-invests-over-24-m-usd-in-ledger.html]
[www.tgv4plus.com/tgv4-portfolio-company-pinktada-raises-another-round.html]
[www.tgv4plus.com/tgvs-5-web3-megatrends-for-2023.html]
[www.tgv4plus.com/tgv4-portfolio-pinktada-oversubscribed-on-13m-usd.html]
[www.tgv4plus.com/quantumrock-partners-with-bambu---enhancing-b2b-roboadvisory-solutions-with-ai.html]
[www.tgv4plus.com/tgv4-invests-total-us38m-in-animoca-brands.html]
[www.tgv4plus.com/tgv4-fof-first-investment-following-on-in-animoca-brands.html]
[www.tgv4plus.com/tgv4-closes-new-us146m-follow-on-fund.html]
[www.tgv4plus.com/tgv4-continues-to-invests-in-coinhouse.html]
[www.tgv4plus.com/tgv-invest-in-first-asian-female-entrepreneur-26-may-2022.html]
[www.tgv4plus.com/tgvs-forge-goes-public-on-nyse.html]
[www.tgv4plus.com/tgv4-invests-in-iomob.html]
[www.tgv4plus.com/tgv4-supports-unchain-ukraine.html]
[www.tgv4plus.com/tgv4-backs-first-female-founder.html]
[www.tgv4plus.com/tgv4-invests-in-enjinstarter.html]
[www.tgv4plus.com/tgv4-invests-in-coinhouse.html]
[www.tgv4plus.com/tgv4-invests-in-chromaway.html]
[www.tgv4plus.com/tgv4-invests-in-gcex.html]
[www.tgv4plus.com/tgv4-continues-rapid-global-expansion.html]
[www.tgv4plus.com/tgv4-invests-in-pinktada.html]
[www.tgv4plus.com/tgv4-invests-in-picturethis.html]
[www.tgv4plus.com/tgv4-invests-in-forza-ikonia.html]
[www.tgv4plus.com/tgv4-follows-on-investment-in-the-sandbox-series-b-with-us10m.html]
[www.tgv4plus.com/tgv4-exercises-cad23m-warrants-in-ccu.html]
[www.tgv4plus.com/tgv4-five-new-founding-partners.html]
[www.tgv4plus.com/animoca-raises-65m-at-22b-valuation.html]
[www.tgv4plus.com/tgv4-100-million-closing.html]
[www.tgv4plus.com/canada-computational-unlimited-22-june-2021.html]
[www.tgv4plus.com/animoca-brands-may-13-2021.html]
[www.tgv4plus.com/forge-global-may-07-2021.html]
[www.tgv4plus.com/_/uploads/1/5/3/7/153740447/background-images/2100250655.png_]
[www.tgv4plus.com/contact.html]
[www.tgv4plus.com/whistleblowing-policy.html]
[www.tgv4plus.com/privacy-policy.html]
[www.tgv4plus.com/code-of-ethical-conduct.html]
[www.tgv4plus.com/files/theme/pluginsdda7.js]
[www.tgv4plus.com/complaints-policy.html]
[www.tgv4plus.com/files/theme/customdda7.js]
[www.tgv4plus.com/index.html]
[www.tgv4plus.com/files/theme/fonts/2e3f5cb9-101f-46cf-a7b3-dfaa58261e03a677.woff2]
[www.tgv4plus.com/files/theme/fonts/17c55b27-e9ab-43cd-b948-d49f97480d68d41d.eot]
[www.tgv4plus.com/files/theme/fonts/fa19948e-5e38-4909-b31e-41acd170d6f2a677.woff]
[www.tgv4plus.com/files/theme/fonts/6de0ce4d-9278-467b-b96f-c1f5f0a4c375a677.ttf]
[www.tgv4plus.com/files/theme/fonts/9fd4ea0c-b19a-4b21-9fdf-37045707dd78.svg]
[www.tgv4plus.com/files/theme/fonts/8b498c39-fabe-4789-bb81-5e37c9ecddd3d41d.eot]
[www.tgv4plus.com/files/theme/fonts/1c6c1881-23c9-4d6a-a018-759d1c9ded15a677.woff2]
[www.tgv4plus.com/files/theme/fonts/f0d655c5-a88a-49ad-bb29-f3b5cca41731a677.woff]
[www.tgv4plus.com/files/theme/fonts/3a561c83-40d4-4868-8255-e8455eb009c4a677.ttf]
[www.tgv4plus.com/files/theme/fonts/3966f856-9dcf-48e7-88e7-7400f1b7d619.svg]
[www.tgv4plus.com/files/theme/fonts/e9167238-3b3f-4813-a04a-a384394eed42d41d.eot]
[www.tgv4plus.com/files/theme/fonts/2cd55546-ec00-4af9-aeca-4a3cd186da53a677.woff2]
[www.tgv4plus.com/files/theme/fonts/1e9892c0-6927-4412-9874-1b82801ba47aa677.woff]
[www.tgv4plus.com/files/theme/fonts/46cf1067-688d-4aab-b0f7-bd942af6efd8a677.ttf]
[www.tgv4plus.com/files/theme/fonts/52a192b1-bea5-4b48-879f-107f009b666f.svg]
[www.tgv4plus.com/files/theme/fonts/d1fddef1-d940-4904-8f6c-17e809462301d41d.eot]
[www.tgv4plus.com/files/theme/fonts/7377dbe6-f11a-4a05-b33c-bc8ce1f60f84a677.woff2]
[www.tgv4plus.com/files/theme/fonts/92b66dbd-4201-4ac2-a605-4d4ffc8705cca677.woff]
[www.tgv4plus.com/files/theme/fonts/18839597-afa8-4f0b-9abb-4a30262d0da8a677.ttf]
[www.tgv4plus.com/files/theme/fonts/1de7e6f4-9d4d-47e7-ab23-7d5cf10ab585.svg]
[www.tgv4plus.com/files/theme/fonts/1a7c9181-cd24-4943-a9d9-d033189524e0d41d.eot]
[www.tgv4plus.com/files/theme/fonts/627fbb5a-3bae-4cd9-b617-2f923e29d55ea677.woff2]
[www.tgv4plus.com/files/theme/fonts/f26faddb-86cc-4477-a253-1e1287684336a677.woff]
[www.tgv4plus.com/files/theme/fonts/63a74598-733c-4d0c-bd91-b01bffcd6e69a677.ttf]
[www.tgv4plus.com/files/theme/fonts/a89d6ad1-a04f-4a8f-b140-e55478dbea80.svg]
[www.tgv4plus.com/files/theme/fonts/77a9cdce-ea6a-4f94-95df-e6a54555545ed41d.eot]
[www.tgv4plus.com/files/theme/fonts/3f380a53-50ea-4a62-95c5-d5d8dba03ab8a677.woff2]
[www.tgv4plus.com/files/theme/fonts/8344e877-560d-44d4-82eb-9822766676f9a677.woff]
[www.tgv4plus.com/files/theme/fonts/b28b01d9-78c5-46c6-a30d-9a62c8f407c5a677.ttf]
[www.tgv4plus.com/files/theme/fonts/ed4d3c45-af64-4992-974b-c37cd12a9570.svg]
[www.tgv4plus.com/files/theme/images/default-bga677.jpg]
[www.tgv4plus.com/files/theme/images/select-dropdowna677.svg]
[www.tgv4plus.com/files/main_stylea677.css]
[www.tgv4plus.com/files/templateArtifactsa677.js]
[www.tgv4plus.com/uploads/1/5/3/7/153740447/327776406_orig.png]
[www.tgv4plus.com/uploads/1/5/3/7/153740447/editor/256997497edbb.jpg]
[www.tgv4plus.com/uploads/1/5/3/7/153740447/273612390_orig.jpg]
[www.tgv4plus.com/uploads/1/5/3/7/153740447/694329826_orig.png]
[www.tgv4plus.com/uploads/1/5/3/7/153740447/obligologo-removebg-preview-1-1_orig.webp]
[www.tgv4plus.com/uploads/1/5/3/7/153740447/385502004_orig.jpg]
[www.tgv4plus.com/uploads/1/5/3/7/153740447/471323668_orig.jpg]
[www.tgv4plus.com/uploads/1/5/3/7/153740447/150596258_orig.png]
[www.tgv4plus.com/uploads/1/5/3/7/153740447/523740095_orig.png]
[www.tgv4plus.com/uploads/1/5/3/7/153740447/972450756_orig.png]
[www.tgv4plus.com/_/uploads/1/5/3/7/153740447/background-images/809041017.jpg_]
[www.tgv4plus.com/uploads/1/5/3/7/153740447/850107025_orig.png]
[www.tgv4plus.com/uploads/1/5/3/7/153740447/745372341_orig.png]
[www.tgv4plus.com/uploads/1/5/3/7/153740447/690073543_orig.png]
[www.tgv4plus.com/uploads/1/5/3/7/153740447/174260122_orig.png]
[www.tgv4plus.com/uploads/1/5/3/7/153740447/920107279_orig.jpg]
[www.tgv4plus.com/uploads/1/5/3/7/153740447/editor/rs-w-388-cg-true-1d1b9.webp]
[www.tgv4plus.com/uploads/1/5/3/7/153740447/782188589.png]
[www.tgv4plus.com/uploads/1/5/3/7/153740447/841823944.png]
[www.tgv4plus.com/uploads/1/5/3/7/153740447/224743248_orig.jpg]
[www.tgv4plus.com/uploads/1/5/3/7/153740447/927309999_orig.png]
[www.tgv4plus.com/uploads/1/5/3/7/153740447/425100412_orig.png]
[www.tgv4plus.com/uploads/1/5/3/7/153740447/386097387_orig.png]
[www.tgv4plus.com/portfolio.html]
[www.tgv4plus.com/uploads/1/5/3/7/153740447/dusan-stojanovic-9_orig.jpg]
[www.tgv4plus.com/uploads/1/5/3/7/153740447/beatrice-2_orig.jpg]
[www.tgv4plus.com/uploads/1/5/3/7/153740447/img-3910_orig.jpg]
[www.tgv4plus.com/uploads/1/5/3/7/153740447/konrad-17_orig.jpg]
[www.tgv4plus.com/uploads/1/5/3/7/153740447/516763027.jpg]
[www.tgv4plus.com/uploads/1/5/3/7/153740447/775697362.jpg]
[www.tgv4plus.com/uploads/1/5/3/7/153740447/1187660134-4_orig.jpg]
[www.tgv4plus.com/uploads/1/5/3/7/153740447/bowie-13_orig.jpg]
[www.tgv4plus.com/uploads/1/5/3/7/153740447/432698307_orig.jpg]
[www.tgv4plus.com/uploads/1/5/3/7/153740447/james-6_orig.jpg]
[www.tgv4plus.com/_/uploads/1/5/3/7/153740447/background-images/752908037.jpg_]
[www.tgv4plus.com/team.html]
[www.tgv4plus.com/_/uploads/1/5/3/7/153740447/background-images/615160709.jpg_]
[www.tgv4plus.com/tgv-global-competitions.html]
[www.tgv4plus.com/uploads/1/5/3/7/153740447/ludovic-copere-orig_orig.jpg]
[www.tgv4plus.com/uploads/1/5/3/7/153740447/747738320.jpg]
[www.tgv4plus.com/uploads/1/5/3/7/153740447/402504714_orig.jpg]
[www.tgv4plus.com/uploads/1/5/3/7/153740447/297170097_orig.jpg]
[www.tgv4plus.com/uploads/1/5/3/7/153740447/austin-noronha-orig-2_orig.jpg]
[www.tgv4plus.com/uploads/1/5/3/7/153740447/523122243_orig.jpg]
[www.tgv4plus.com/uploads/1/5/3/7/153740447/josep-aliagas-orig_orig.jpg]
[www.tgv4plus.com/uploads/1/5/3/7/153740447/whatsapp-image-2024-04-25-at-18-34-47-orig_orig.jpg]
[www.tgv4plus.com/uploads/1/5/3/7/153740447/319551206.jpg]
[www.tgv4plus.com/uploads/1/5/3/7/153740447/akshay-chopra-orig_orig.jpg]
[www.tgv4plus.com/_/uploads/1/5/3/7/153740447/background-images/456307260.png_]
[www.tgv4plus.com/uploads/1/5/3/7/153740447/653905549.jpg]
[www.tgv4plus.com/uploads/1/5/3/7/153740447/lara-druyan-orig_orig.jpg]
[www.tgv4plus.com/uploads/1/5/3/7/153740447/boris-chovnik-orig-1_orig.jpg]
[www.tgv4plus.com/uploads/1/5/3/7/153740447/carmen-feliciano-orig_orig.jpg]
[www.tgv4plus.com/uploads/1/5/3/7/153740447/sue-xu-orig_orig.jpg]
[www.tgv4plus.com/uploads/1/5/3/7/153740447/damien-kettud-orig_orig.jpg]
[www.tgv4plus.com/uploads/1/5/3/7/153740447/1690904216917-orig_orig.jpg]
[www.tgv4plus.com/uploads/1/5/3/7/153740447/jesse-jeng-orig_orig.jpg]
[www.tgv4plus.com/uploads/1/5/3/7/153740447/michael-louzado-orig-1_orig.jpg]
[www.tgv4plus.com/uploads/1/5/3/7/153740447/jared-shaw-orig_orig.jpg]
[www.tgv4plus.com/uploads/1/5/3/7/153740447/roland-scharrer-orig_orig.jpg]
[www.tgv4plus.com/uploads/1/5/3/7/153740447/sylvain-theveniaud-orig_orig.jpg]
[www.tgv4plus.com/uploads/1/5/3/7/153740447/whatsapp-image-2024-04-25-at-18-30-56-orig_orig.jpg]
[www.tgv4plus.com/uploads/1/5/3/7/153740447/alexandre-ouicher-orig_orig.jpg]
[www.tgv4plus.com/uploads/1/5/3/7/153740447/marcelo-santurio-orig_orig.jpg]
[www.tgv4plus.com/uploads/1/5/3/7/153740447/fredrik-adolfsson-orig_orig.jpg]
[www.tgv4plus.com/uploads/1/5/3/7/153740447/corrado-von-planta-orig_orig.jpg]
[www.tgv4plus.com/uploads/1/5/3/7/153740447/lisa-wardlaw-orig_orig.jpg]
[www.tgv4plus.com/uploads/1/5/3/7/153740447/anshul-agarwal-orig_orig.jpg]
[www.tgv4plus.com/uploads/1/5/3/7/153740447/rashmi-gopinath-orig_orig.jpg]
[www.tgv4plus.com/uploads/1/5/3/7/153740447/cathryn-chen-orig_orig.jpg]
[www.tgv4plus.com/uploads/1/5/3/7/153740447/lilia-shirman-orig_orig.jpg]
[www.tgv4plus.com/uploads/1/5/3/7/153740447/ale-vigilante-orig_orig.jpg]
[www.tgv4plus.com/uploads/1/5/3/7/153740447/ludovic-bodin-orig_orig.jpg]
[www.tgv4plus.com/uploads/1/5/3/7/153740447/mudit-dawar-orig_orig.jpg]
[www.tgv4plus.com/uploads/1/5/3/7/153740447/martin-tantow-orig_orig.jpg]
[www.tgv4plus.com/uploads/1/5/3/7/153740447/karen-drexler-orig_orig.jpg]
[www.tgv4plus.com/uploads/1/5/3/7/153740447/monette-stephens-orig_orig.jpg]
[www.tgv4plus.com/uploads/1/5/3/7/153740447/andrew-peng-orig_orig.jpg]
[www.tgv4plus.com/uploads/1/5/3/7/153740447/olivier-martret-orig_orig.jpg]
[www.tgv4plus.com/uploads/1/5/3/7/153740447/elizabeth-soule-orig_orig.jpg]
[www.tgv4plus.com/uploads/1/5/3/7/153740447/1689100105762-orig_orig.jpg]
[www.tgv4plus.com/uploads/1/5/3/7/153740447/orna-carni-orig_orig.jpg]
[www.tgv4plus.com/uploads/1/5/3/7/153740447/sebastian-spitzer-orig_orig.jpg]
[www.tgv4plus.com/uploads/1/5/3/7/153740447/bernard-louis-roques-orig_orig.jpg]
[www.tgv4plus.com/uploads/1/5/3/7/153740447/alexandre-covello-orig_orig.jpg]
[www.tgv4plus.com/uploads/1/5/3/7/153740447/socheat-chhay-orig_orig.jpg]
[www.tgv4plus.com/uploads/1/5/3/7/153740447/maciej-cwikiewic-orig_orig.jpg]
[www.tgv4plus.com/uploads/1/5/3/7/153740447/ajinkya-tikhe-orig_orig.jpg]
[www.tgv4plus.com/uploads/1/5/3/7/153740447/raphael-ancellin-orig_orig.jpg]
[www.tgv4plus.com/uploads/1/5/3/7/153740447/frank-desvignes-orig_orig.jpg]
[www.tgv4plus.com/uploads/1/5/3/7/153740447/konrad-7_orig.jpg]
[www.tgv4plus.com/uploads/1/5/3/7/153740447/1601326060919-orig_orig.jpg]
[www.tgv4plus.com/uploads/1/5/3/7/153740447/stephan-goupille-orig_orig.jpg]
[www.tgv4plus.com/uploads/1/5/3/7/153740447/shomit-ghose-orig_orig.jpg]
[www.tgv4plus.com/uploads/1/5/3/7/153740447/22910-large-orig_orig.png]
[www.tgv4plus.com/uploads/1/5/3/7/153740447/1528920797171-orig_orig.jpg]
[www.tgv4plus.com/uploads/1/5/3/7/153740447/whatsapp-image-2024-04-25-at-18-36-53-orig_orig.jpg]
[www.tgv4plus.com/uploads/1/5/3/7/153740447/1685433155020-orig-1_orig.jpg]
[www.tgv4plus.com/uploads/1/5/3/7/153740447/1576833149423-orig_orig.jpg]
[www.tgv4plus.com/uploads/1/5/3/7/153740447/1683027132936-orig_orig.jpg]
[www.tgv4plus.com/uploads/1/5/3/7/153740447/shannan-tan-orig_orig.jpg]
[www.tgv4plus.com/uploads/1/5/3/7/153740447/zbigniew-barwicz-orig_orig.jpg]
[www.tgv4plus.com/uploads/1/5/3/7/153740447/1656497335679-orig_orig.jpg]
[www.tgv4plus.com/uploads/1/5/3/7/153740447/1645872721219-orig-1_orig.jpg]
[www.tgv4plus.com/uploads/1/5/3/7/153740447/1713997340455-orig_orig.jpg]
[www.tgv4plus.com/uploads/1/5/3/7/153740447/1688720443228-orig_orig.jpg]
[www.tgv4plus.com/uploads/1/5/3/7/153740447/1685823213615-orig_orig.jpg]
[www.tgv4plus.com/uploads/1/5/3/7/153740447/1698729085886-orig_orig.jpg]
[www.tgv4plus.com/uploads/1/5/3/7/153740447/nabil-alnoor-borhanu-orig-1_orig.jpg]
[www.tgv4plus.com/uploads/1/5/3/7/153740447/whatsapp-image-2024-04-25-at-18-35-14-orig_orig.jpg]
[www.tgv4plus.com/uploads/1/5/3/7/153740447/lorenzo-donati-orig_orig.jpg]
[www.tgv4plus.com/uploads/1/5/3/7/153740447/uday-sandhu-orig_orig.jpg]
[www.tgv4plus.com/uploads/1/5/3/7/153740447/marcos-fernandez-orig_orig.jpg]
[www.tgv4plus.com/uploads/1/5/3/7/153740447/supreet-manchanda-orig_orig.jpg]
[www.tgv4plus.com/uploads/1/5/3/7/153740447/ryan-fauber-orig_orig.jpg]
[www.tgv4plus.com/uploads/1/5/3/7/153740447/paddy-ramanathan-orig_orig.jpg]
[www.tgv4plus.com/uploads/1/5/3/7/153740447/amir-kabir-orig_orig.jpg]
[www.tgv4plus.com/uploads/1/5/3/7/153740447/andre-ayotte-orig-1_orig.jpg]
[www.tgv4plus.com/uploads/1/5/3/7/153740447/whatsapp-image-2024-04-25-at-18-35-06-orig_orig.jpg]
[www.tgv4plus.com/uploads/1/5/3/7/153740447/mike-walsh-orig_orig.jpg]
[www.tgv4plus.com/uploads/1/5/3/7/153740447/teddy-kim-orig_orig.jpg]
[www.tgv4plus.com/uploads/1/5/3/7/153740447/radoslaw-rejman-orig_orig.jpg]
[www.tgv4plus.com/uploads/1/5/3/7/153740447/whatsapp-image-2024-04-25-at-18-36-19-orig_orig.jpg]
[www.tgv4plus.com/uploads/1/5/3/7/153740447/thierry-vandewalle-orig_orig.jpg]
[www.tgv4plus.com/uploads/1/5/3/7/153740447/tomasz-mazuryk-orig_orig.jpg]
[www.tgv4plus.com/uploads/1/5/3/7/153740447/ukasz-ma-kowski-orig_orig.jpg]
[www.tgv4plus.com/uploads/1/5/3/7/153740447/marcin-hejka-orig_orig.jpg]
[www.tgv4plus.com/uploads/1/5/3/7/153740447/1626264945604-orig_orig.jpg]
[www.tgv4plus.com/uploads/1/5/3/7/153740447/jay-mandal-orig_orig.jpg]
[www.tgv4plus.com/uploads/1/5/3/7/153740447/dusan-stojanovic-orig_orig.jpg]
[www.tgv4plus.com/uploads/1/5/3/7/153740447/1-orig_orig.png]
[www.tgv4plus.com/uploads/1/5/3/7/153740447/2-orig_orig.png]
[www.tgv4plus.com/uploads/1/5/3/7/153740447/published/true-global-ventures-7-10c4f5.png]
[www.tgv4plus.com/ai-investor-judges.html]
[www.tgv4plus.com/uploads/1/5/3/7/153740447/3f368e29-87ec-4b9f-9dd8-b1d89571b3fb-orig_orig.jpg]
[www.tgv4plus.com/uploads/1/5/3/7/153740447/1-orig-1_orig.png]
[www.tgv4plus.com/uploads/1/5/3/7/153740447/7a33ad2e-5c15-409f-87e0-6ee4a966a48f-orig_orig.jpg]
[www.tgv4plus.com/uploads/1/5/3/7/153740447/2-orig-1_orig.png]
[www.tgv4plus.com/uploads/1/5/3/7/153740447/frge-big_orig.png]
[www.tgv4plus.com/uploads/1/5/3/7/153740447/axa_orig.png]
[www.tgv4plus.com/_/uploads/1/5/3/7/153740447/background-images/694187478.jpg_]
[www.tgv4plus.com/tgv-global-competition-2024.html]
[www.tgv4plus.com/_/uploads/1/5/3/7/153740447/background-images/73641146.jpg_]
[www.tgv4plus.com/tgv-global-competition-2024-blockchain-sustainability.html]
[www.tgv4plus.com/uploads/1/5/3/7/153740447/winners-15_orig.png]
[www.tgv4plus.com/uploads/1/5/3/7/153740447/laurenz-apiarius-13_orig.jpg]
[www.tgv4plus.com/uploads/1/5/3/7/153740447/petter-sehlin-13_orig.jpg]
[www.tgv4plus.com/uploads/1/5/3/7/153740447/aaeaaqaaaaaaaarkaaaajdnknji4yzbklta3mtutndzhny1iy2q0lwe2nwnkyjkxnzk4na-13_orig.jpg]
[www.tgv4plus.com/uploads/1/5/3/7/153740447/eric-14_orig.jpg]
[www.tgv4plus.com/uploads/1/5/3/7/153740447/lasse-13_orig.jpg]
[www.tgv4plus.com/uploads/1/5/3/7/153740447/aaeaaqaaaaaaaafqaaaajdi4mjlmzwrmltkzmmutndbins04zdy4lwi2zjrjzthlmznina-15_orig.jpg]
[www.tgv4plus.com/uploads/1/5/3/7/153740447/aaeaaqaaaaaaaahmaaaajdq3ytnjngizltq5zdqtngi4yy1hotriltuyngq2yzk1n2u2oq-14_orig.jpg]
[www.tgv4plus.com/uploads/1/5/3/7/153740447/aaeaaqaaaaaaaam-aaaajdc3y2zlmwuxltvhzjatndyxoc04yjhjlwyzyzrlodc3nzk1za-15_orig.jpg]
[www.tgv4plus.com/uploads/1/5/3/7/153740447/renqi-13_orig.jpg]
[www.tgv4plus.com/_/uploads/1/5/3/7/153740447/background-images/1986602861.jpg_]
[www.tgv4plus.com/uploads/1/5/3/7/153740447/aaeaaqaaaaaaaarfaaaajdmzy2jizty3ltixntqtndflos05nzg3ltrmmmuwnzq1nwjmng-13_orig.jpg]
[www.tgv4plus.com/uploads/1/5/3/7/153740447/aaeaaqaaaaaaaaltaaaajgi5ntlkoda1ltrhmjitnduxzs05mwzklwfjogjhymm2mgfimg-13_orig.jpg]
[www.tgv4plus.com/uploads/1/5/3/7/153740447/winnie-chang-profile-photo-1-13_orig.jpg]
[www.tgv4plus.com/uploads/1/5/3/7/153740447/jeffrey-premer-13_orig.jpg]
[www.tgv4plus.com/uploads/1/5/3/7/153740447/viveka-ekberg-13_orig.jpg]
[www.tgv4plus.com/uploads/1/5/3/7/153740447/aaeaaqaaaaaaaac5aaaajge1mgq3ymm5ltrhntmtngjmyi05mdjjltgwmjqyytgyotg2oa-14_orig.jpg]
[www.tgv4plus.com/uploads/1/5/3/7/153740447/ian-love-13_orig.jpg]
[www.tgv4plus.com/uploads/1/5/3/7/153740447/david-yue-17_orig.jpg]
[www.tgv4plus.com/uploads/1/5/3/7/153740447/2597a4b-13_orig.jpg]
[www.tgv4plus.com/uploads/1/5/3/7/153740447/joo-seng-13-1_orig.jpg]
[www.tgv4plus.com/uploads/1/5/3/7/153740447/tek-yew-chia-13_orig.jpg]
[www.tgv4plus.com/uploads/1/5/3/7/153740447/dipen-r-metha-13_orig.jpg]
[www.tgv4plus.com/uploads/1/5/3/7/153740447/aaeaaqaaaaaaaareaaaajdg3zdgxyzzjlwziodctndg1ns05zjm1ltq4ogqyndzmzdlhnq-16_orig.jpg]
[www.tgv4plus.com/uploads/1/5/3/7/153740447/33cd9ff-15_orig.jpg]
[www.tgv4plus.com/uploads/1/5/3/7/153740447/jitendra-gupta-14_orig.jpg]
[www.tgv4plus.com/uploads/1/5/3/7/153740447/ribbit-ankur-13_orig.jpg]
[www.tgv4plus.com/uploads/1/5/3/7/153740447/aaia-wdgaaaaaqaaaaaaaa1uaaaajdu4zjhlzjg4lwq5zgqtndk4zs04zwzjlwjmytnmyzk4ytezoq-13_orig.jpg]
[www.tgv4plus.com/uploads/1/5/3/7/153740447/david-wang-13_orig.jpg]
[www.tgv4plus.com/uploads/1/5/3/7/153740447/aaeaaqaaaaaaaaimaaaajdyymwvhnzu1ltm5nwitndcwni04yjcxltg2mmuzogqxzdbizq-14_orig.jpg]
[www.tgv4plus.com/uploads/1/5/3/7/153740447/aaeaaqaaaaaaaajbaaaajgvimgi3ogm1lty5nmutndgzms1izjmyltczmdrjmddiy2nlmq-17_orig.jpg]
[www.tgv4plus.com/uploads/1/5/3/7/153740447/shailesh-naik-13_orig.png]
[www.tgv4plus.com/uploads/1/5/3/7/153740447/36e0bef-13_orig.jpg]
[www.tgv4plus.com/uploads/1/5/3/7/153740447/christophe-pechoux-13_orig.jpg]
[www.tgv4plus.com/uploads/1/5/3/7/153740447/klas-hesselman-13_orig.jpg]
[www.tgv4plus.com/uploads/1/5/3/7/153740447/chipper-13_orig.jpg]
[www.tgv4plus.com/uploads/1/5/3/7/153740447/steve-benett-18_orig.jpg]
[www.tgv4plus.com/uploads/1/5/3/7/153740447/aaeaaqaaaaaaaaqwaaaajdg0ntkznjzklti1ytgtndrjzs04ytbmlwu1nge3nwyyztm5yg-13_orig.jpg]
[www.tgv4plus.com/uploads/1/5/3/7/153740447/jun-dam-14_orig.jpg]
[www.tgv4plus.com/uploads/1/5/3/7/153740447/marco-barth-13_orig.jpg]
[www.tgv4plus.com/uploads/1/5/3/7/153740447/peter-stephens-13_orig.jpg]
[www.tgv4plus.com/uploads/1/5/3/7/153740447/bo-ji-13_orig.jpg]
[www.tgv4plus.com/uploads/1/5/3/7/153740447/aaeaaqaaaaaaaay-aaaajdk4ywy0mddilwizzgytndi4os1hntyzltfkmjlhztjlzgnhnw-13_orig.jpg]
[www.tgv4plus.com/uploads/1/5/3/7/153740447/aaeaaqaaaaaaaaswaaaajdywmjywywfilwm0n2utndi0oc1hywnlltgxmgqzmdiwmwrknw-13_orig.jpg]
[www.tgv4plus.com/uploads/1/5/3/7/153740447/roland-13_orig.jpg]
[www.tgv4plus.com/uploads/1/5/3/7/153740447/eu-khoon-ang-17_orig.jpg]
[www.tgv4plus.com/uploads/1/5/3/7/153740447/pauline-wood-13_orig.jpg]
[www.tgv4plus.com/uploads/1/5/3/7/153740447/https-media-licdn-com-media-aaeaaqaaaaaaaagbaaaajdc5zdflmzy0lta5ntmtndu4ns1hmzyylwzlyjjjmdvlnwuyna-17_orig.jpg]
[www.tgv4plus.com/uploads/1/5/3/7/153740447/tomasz-kurczyk-13_orig.jpg]
[www.tgv4plus.com/uploads/1/5/3/7/153740447/aaeaaqaaaaaaaazmaaaajde4mgu4ndbjlwqyyzqtndy2my1imme1ltu2nwizmziwmzuxnw-19_orig.jpg]
[www.tgv4plus.com/uploads/1/5/3/7/153740447/aaeaaqaaaaaaaabnaaaajdk4zte4mge5lwi5zwqtngywyy04mddjlwe5mdjjnmnjzwy1zq-2-14_orig.jpg]
[www.tgv4plus.com/uploads/1/5/3/7/153740447/230af38-13_orig.jpg]
[www.tgv4plus.com/uploads/1/5/3/7/153740447/dan-feld-13_orig.jpg]
[www.tgv4plus.com/uploads/1/5/3/7/153740447/ap-headshot3-300x280-14_orig.jpg]
[www.tgv4plus.com/uploads/1/5/3/7/153740447/jonathan-18_orig.jpg]
[www.tgv4plus.com/uploads/1/5/3/7/153740447/hendrik-14_orig.jpg]
[www.tgv4plus.com/uploads/1/5/3/7/153740447/2ee7e7d-13_orig.jpg]
[www.tgv4plus.com/uploads/1/5/3/7/153740447/aaeaaqaaaaaaaavbaaaajduynty4otg0ltm4ymetnde4mi04nze0lwmwmzbmnjm4zjrmza-15-1_orig.jpg]
[www.tgv4plus.com/uploads/1/5/3/7/153740447/gerald-13_orig.jpg]
[www.tgv4plus.com/uploads/1/5/3/7/153740447/aaeaaqaaaaaaaailaaaajdhjmgy2mje2ltlhmtqtndu1ny1intg1ltjlymy4zgrhmmq5mq-13_orig.jpg]
[www.tgv4plus.com/uploads/1/5/3/7/153740447/screen-shot-2018-01-26-at-4-06-07-pm-13_orig.png]
[www.tgv4plus.com/uploads/1/5/3/7/153740447/2a9a04b-14_orig.jpg]
[www.tgv4plus.com/uploads/1/5/3/7/153740447/bruce-13_orig.jpg]
[www.tgv4plus.com/uploads/1/5/3/7/153740447/3e46746-18_orig.jpg]
[www.tgv4plus.com/uploads/1/5/3/7/153740447/kevin-monserrat-14_orig.jpg]
[www.tgv4plus.com/uploads/1/5/3/7/153740447/heng-soon-pang-13_orig.jpg]
[www.tgv4plus.com/uploads/1/5/3/7/153740447/gwen-cheni-13_orig.jpg]
[www.tgv4plus.com/uploads/1/5/3/7/153740447/aaeaaqaaaaaaaaz9aaaajdg0otmwngvjltg1zgqtndywni1hm2jilwriytcxndexzdvhza-13_orig.jpg]
[www.tgv4plus.com/uploads/1/5/3/7/153740447/aaeaaqaaaaaaaas-aaaajdewnmqxnwrilte4zgitndy1ni04mjyyltzhzwvkymq2y2jhmq-14_orig.jpg]
[www.tgv4plus.com/uploads/1/5/3/7/153740447/hayk-13_orig.jpg]
[www.tgv4plus.com/uploads/1/5/3/7/153740447/steve-monaghan-14_orig.jpg]
[www.tgv4plus.com/uploads/1/5/3/7/153740447/aamabadgaawaaqaaaaaaaa1daaaajdhjmduyyzhklthmngmtndvimc1hzwi4ltzmm2vjyjmwoguxma-14_orig.jpg]
[www.tgv4plus.com/uploads/1/5/3/7/153740447/aaiaawdgaaaaaqaaaaaaaaw-aaaajdq3n2m1zwvlltk0mtytndvimc05mzrilwrhywe0ndg5ymjizq-13_orig.jpg]
[www.tgv4plus.com/uploads/1/5/3/7/153740447/aaeaaqaaaaaaaad2aaaajdi5ztbky2njlwi3zdgtndfkny05zjk0ltq5zdcyyzgwmmy5mw-13_orig.jpg]
[www.tgv4plus.com/uploads/1/5/3/7/153740447/2a600c1-13_orig.jpg]
[www.tgv4plus.com/uploads/1/5/3/7/153740447/james-gong-13_orig.jpg]
[www.tgv4plus.com/uploads/1/5/3/7/153740447/sebastian-quinn-watson-13_orig.jpg]
[www.tgv4plus.com/uploads/1/5/3/7/153740447/aaeaaqaaaaaaaamlaaaajdczotqzmzqxlwm0odqtnda3zs1inwrhlwu5mtiwmtbjothkmg-13_orig.jpg]
[www.tgv4plus.com/uploads/1/5/3/7/153740447/john-13_orig.jpg]
[www.tgv4plus.com/uploads/1/5/3/7/153740447/3c55d46-13_orig.jpg]
[www.tgv4plus.com/uploads/1/5/3/7/153740447/rik-willard-13_orig.jpg]
[www.tgv4plus.com/uploads/1/5/3/7/153740447/steven-chien-13_orig.jpg]
[www.tgv4plus.com/uploads/1/5/3/7/153740447/345fa7a-13_orig.jpg]
[www.tgv4plus.com/uploads/1/5/3/7/153740447/aaeaaqaaaaaaaadpaaaajdmwzdexndm4lwqzzgqtndk0ns1imwq2lwuwyjblyjm1mtcwna-13_orig.jpg]
[www.tgv4plus.com/uploads/1/5/3/7/153740447/160feea-13_orig.jpg]
[www.tgv4plus.com/uploads/1/5/3/7/153740447/600-458385314-1-13_orig.jpg]
[www.tgv4plus.com/uploads/1/5/3/7/153740447/aaeaaqaaaaaaaaeraaaajgfjmgzjztzklwjjmdqtndy4mc04yju5ltgynzjiodnjmjqzna-17_orig.jpg]
[www.tgv4plus.com/uploads/1/5/3/7/153740447/aaeaaqaaaaaaaak9aaaajgi0nme3zmjilwq5zwytngrhmi04ogjhlte4zwzlogexy2zlzg-13_orig.jpg]
[www.tgv4plus.com/uploads/1/5/3/7/153740447/bruce-ellliot-14_orig.jpg]
[www.tgv4plus.com/uploads/1/5/3/7/153740447/aaeaaqaaaaaaaag3aaaajdg2mzhmztgyltrizjatngq0mi1iytfjlthkntcwyjkwnzq3ng-13_orig.jpg]
[www.tgv4plus.com/uploads/1/5/3/7/153740447/yat-siu-20_orig.jpg]
[www.tgv4plus.com/uploads/1/5/3/7/153740447/28a915a-14_orig.jpg]
[www.tgv4plus.com/uploads/1/5/3/7/153740447/aaeaaqaaaaaaaayoaaaajgi1ntbizmvklwfkzwytndqzyi04mjazlwmwzwjmzwyxzmu0yw-14_orig.jpg]
[www.tgv4plus.com/uploads/1/5/3/7/153740447/3b8ef6f-19_orig.jpg]
[www.tgv4plus.com/uploads/1/5/3/7/153740447/aaeaaqaaaaaaaavdaaaajdrkmmnhnzdiltuxmjitnguyzs04yjbilwnmowq4nwzkzjzkmg-14_orig.jpg]
[www.tgv4plus.com/uploads/1/5/3/7/153740447/064686e-13_orig.jpg]
[www.tgv4plus.com/uploads/1/5/3/7/153740447/3f4c197-18_orig.jpg]
[www.tgv4plus.com/uploads/1/5/3/7/153740447/jalak-jobanputra-13_orig.jpg]
[www.tgv4plus.com/uploads/1/5/3/7/153740447/yo-14_orig.jpg]
[www.tgv4plus.com/uploads/1/5/3/7/153740447/aaeaaqaaaaaaaa3laaaajgy2mjmxytzmlty0ztytngrmzs05zdhllwzmyzzlnthmntq4ng-14_orig.jpg]
[www.tgv4plus.com/uploads/1/5/3/7/153740447/aaeaaqaaaaaaaay1aaaajdq2y2e2ythmlta0y2utngzmzc05zwezlwvlzmnjmjc5nda5mq-13_orig.jpg]
[www.tgv4plus.com/uploads/1/5/3/7/153740447/xjane-zhang-jpg-pagespeed-ic-3jp0dpygpq-13_orig.jpg]
[www.tgv4plus.com/uploads/1/5/3/7/153740447/ankur-kamalia-13_orig.jpg]
[www.tgv4plus.com/uploads/1/5/3/7/153740447/20b6926-13_orig.jpg]
[www.tgv4plus.com/uploads/1/5/3/7/153740447/nick-cowan-13_orig.jpg]
[www.tgv4plus.com/uploads/1/5/3/7/153740447/aaeaaqaaaaaaaaeqaaaajgvmmdjjmmm4lwzindytndviyy1imta0lwjhzddkmdnlntgyoa-14_orig.jpg]
[www.tgv4plus.com/uploads/1/5/3/7/153740447/aaia-wdgaaaaaqaaaaaaaa0kaaaajgnhntc4ztq0lwvjmdktndu5zs04ndbhlti5nzawmzq3zdyyyw-13_orig.jpg]
[www.tgv4plus.com/uploads/1/5/3/7/153740447/aaeaaqaaaaaaaai1aaaajdfintmwmdq4lwnmmmqtndgwni04nwe5ltezmdfjyzuwztrlyg-15_orig.jpg]
[www.tgv4plus.com/uploads/1/5/3/7/153740447/aaeaaqaaaaaaaa19aaaajdeym2zmmmnjlwzmnjgtnguxni04mdjhltqzotmxntewn2mwyq-15_orig.jpg]
[www.tgv4plus.com/uploads/1/5/3/7/153740447/aaeaaqaaaaaaaaxzaaaajgmxndqwowu1lwe4mzgtndkxnc1imtniltnjmmnjodgxztu5mg-13_orig.jpg]
[www.tgv4plus.com/uploads/1/5/3/7/153740447/aaia-wdgaaaaaqaaaaaaaavoaaaajgewywnlnzy1lwe0y2ytndqwms1hmjm3lwjmzjllzjg1m2i3ng-17_orig.jpg]
[www.tgv4plus.com/uploads/1/5/3/7/153740447/carman-chan-14_orig.jpg]
[www.tgv4plus.com/uploads/1/5/3/7/153740447/09649fc-18_orig.jpg]
[www.tgv4plus.com/uploads/1/5/3/7/153740447/jason-lee-13_orig.jpg]
[www.tgv4plus.com/uploads/1/5/3/7/153740447/aaeaaqaaaaaaaav9aaaajdrlzjk4ngq1ltg0mwutngi1my05mzzkltdmnzhkndayntm1ng-14_orig.jpg]
[www.tgv4plus.com/uploads/1/5/3/7/153740447/logo-combined-8-15_orig.png]
[www.tgv4plus.com/uploads/1/5/3/7/153740447/true-global-ventures-owler-20160226-192751-original-39_orig.png]
[www.tgv4plus.com/tgv-global-competition-2018.html]
[www.tgv4plus.com/_/uploads/1/5/3/7/153740447/background-images/213229291.jpg_]
[www.tgv4plus.com/our-events.html]
[www.tgv4plus.com/uploads/1/5/3/7/153740447/71st-event-orig_orig.png]
[www.tgv4plus.com/uploads/1/5/3/7/153740447/stablecoins-tgv70_orig.png]
[www.tgv4plus.com/uploads/1/5/3/7/153740447/screenshot-2024-11-12-at-3-52-04-pm-orig_orig.png]
[www.tgv4plus.com/uploads/1/5/3/7/153740447/screenshot-2024-04-20-at-3-22-23-am_orig.png]
[www.tgv4plus.com/uploads/1/5/3/7/153740447/screenshot-2024-02-23-at-10-35-57-am_orig.png]
[www.tgv4plus.com/uploads/1/5/3/7/153740447/screenshot-2023-10-17-at-9-40-26-pm_orig.png]
[www.tgv4plus.com/uploads/1/5/3/7/153740447/published/screenshot-2023-06-11-at-10-46-31-pm4d60.png]
[www.tgv4plus.com/uploads/1/5/3/7/153740447/screenshot-2023-03-30-at-10-03-21-pm_orig.png]
[www.tgv4plus.com/uploads/1/5/3/7/153740447/screenshot-2023-01-29-at-1-43-13-pm-orig_orig.png]
[www.tgv4plus.com/uploads/1/5/3/7/153740447/screenshot-2022-11-07-at-6-32-50-pm-orig-3_orig.png]
[www.tgv4plus.com/_/uploads/1/5/3/7/153740447/background-images/360540936.jpg_]
[www.tgv4plus.com/71st-global-event-ipo-window-opening-up.html]
[www.tgv4plus.com/tgv-70th-global-conference.html]
[www.tgv4plus.com/tgv-69th-event-applications-ai-in-future-of-works-sustainability-deep-analytics.html]
[www.tgv4plus.com/tgv-68th-event-navigating-climatetech-with-ai-blockchain.html]
[www.tgv4plus.com/tgv-67th-event-the-rapid-evolution-of-ai-in-the-last-6-months-29-nov-2023-us-time.html]
[www.tgv4plus.com/tgv-66th-event-navigating-the-future-of-tech-12-september-2023.html]
[www.tgv4plus.com/tgv-64th-event-chatgptrsquos-impact-on-web2-web3-and-non-tech-23-feb-2023-22-feb-us-time.html]
[www.tgv4plus.com/tgv-65th-event-generative-ai-impact-on-web2-web3-and-non-tech-16-may-2023.html]
[www.tgv4plus.com/uploads/1/5/3/7/153740447/screenshot-2022-07-06-at-3-32-10-pm-orig-2_orig.png]
[www.tgv4plus.com/tgv-63rd-event-who-are-the-web3-builders-in-a-bear-market-1-dec-2022.html]
[www.tgv4plus.com/tgv-62nd-event-have-we-reached-the-bottom-of-market-correction-15-sep-2022.html]
[www.tgv4plus.com/uploads/1/5/3/7/153740447/screenshot-2022-04-20-at-9-04-54-am-orig-1_orig.png]
[www.tgv4plus.com/tgv-61st-event-opportunities-threats-16-june-2022-15-june-us.html]
[www.tgv4plus.com/uploads/1/5/3/7/153740447/screenshot-2022-02-15-at-10-14-39-pm_orig.png]
[www.tgv4plus.com/tgv-60th-event-asia-europe-17-march-2022.html]
[www.tgv4plus.com/uploads/1/5/3/7/153740447/screenshot-2021-11-23-at-6-52-54-pm_orig.png]
[www.tgv4plus.com/tgv-event-us-europe-20-jan-2022.html]
[www.tgv4plus.com/tgv-event-asia-us-10-nov-2021.html]
[www.tgv4plus.com/uploads/1/5/3/7/153740447/screenshot-2021-10-21-at-2-07-24-pm-orig_orig.png]
[www.tgv4plus.com/uploads/1/5/3/7/153740447/screenshot-2021-08-26-at-2-50-59-pm-orig_orig.png]
[www.tgv4plus.com/tgv-event-nordic-us-16-sept-2021.html]
[www.tgv4plus.com/uploads/1/5/3/7/153740447/screenshot-2021-06-22-at-12-34-30-pm-orig_orig.png]
[www.tgv4plus.com/tgv-event-22-july-2021.html]
[www.tgv4plus.com/uploads/1/5/3/7/153740447/screenshot-2021-04-15-at-4-11-34-pm-1_orig.png]
[www.tgv4plus.com/tgv-event-25-may-2021.html]
[www.tgv4plus.com/uploads/1/5/3/7/153740447/singapore_orig.jpg]
[www.tgv4plus.com/tgv-event-25-march-2021.html]
[www.tgv4plus.com/uploads/1/5/3/7/153740447/screenshot-2020-12-23-at-11-29-59-am_orig.png]
[www.tgv4plus.com/tgv-event-4-feb-2021-fintech-liquidity-asia.html]
[www.tgv4plus.com/uploads/1/5/3/7/153740447/screenshot-2020-10-14-at-6-42-48-pm_orig.png]
[www.tgv4plus.com/tgv-event-focus-on-fintech-liquidity-10-dec-2020.html]
[www.tgv4plus.com/uploads/1/5/3/7/153740447/screenshot-2020-09-15-at-7-10-42-pm_orig.png]
[www.tgv4plus.com/tgv-early-stagelate-stage-where-are-the-returns-7-oct-2020.html]
[www.tgv4plus.com/uploads/1/5/3/7/153740447/screenshot-2020-08-11-at-10-45-57-pm_orig.png]
[www.tgv4plus.com/tgv-highly-digitalised-countries-8-9-sept-2020.html]
[www.tgv4plus.com/uploads/1/5/3/7/153740447/screenshot-2020-08-11-at-10-50-24-pm-1_orig.png]
[www.tgv4plus.com/tgv-forced-digitalisation-28-29-july-2020.html]
[www.tgv4plus.com/online-conference-covid19-winners-9-10-june-2020.html]
[www.tgv4plus.com/uploads/1/5/3/7/153740447/mjc0mjy2mq-1_orig.jpg]
[www.tgv4plus.com/uploads/1/5/3/7/153740447/poland-warsaw-skyscraper-cityscape-wallpaper-preview-orig_orig.jpg]
[www.tgv4plus.com/global-all-stars-online-event-28-29-april-2020.html]
[www.tgv4plus.com/uploads/1/5/3/7/153740447/5380996ddb11e8e65bf8da108caa7ad8_orig.jpg]
[www.tgv4plus.com/warsaw-11-12-march-2020.html]
[www.tgv4plus.com/uploads/1/5/3/7/153740447/hong-kong-2_orig.jpg]
[www.tgv4plus.com/paris-6-february-2020.html]
[www.tgv4plus.com/uploads/1/5/3/7/153740447/singapore-wallpaper-4-orig_orig.jpg]
[www.tgv4plus.com/hong-kong-14-january-2020.html]
[www.tgv4plus.com/uploads/1/5/3/7/153740447/yxwto6-orig_orig.jpg]
[www.tgv4plus.com/singapore-2-3-december-2019.html]
[www.tgv4plus.com/uploads/1/5/3/7/153740447/warsaw_orig.jpg]
[www.tgv4plus.com/taipei-23-24-october-2019.html]
[www.tgv4plus.com/uploads/1/5/3/7/153740447/london-2_orig.jpg]
[www.tgv4plus.com/warsaw-1-october-2019.html]
[www.tgv4plus.com/uploads/1/5/3/7/153740447/riyadh_orig.jpg]
[www.tgv4plus.com/london-26-september-2019.html]
[www.tgv4plus.com/uploads/1/5/3/7/153740447/panoramic-photography-of-island-with-green-trees-under-purple-skies-wallpaper-preview_orig.jpg]
[www.tgv4plus.com/riyadh-17-september-2019.html]
[www.tgv4plus.com/uploads/1/5/3/7/153740447/488157-1_orig.jpg]
[www.tgv4plus.com/stockholm-21-22-august-2019.html]
[www.tgv4plus.com/uploads/1/5/3/7/153740447/homepage-sf-city-1080-orig_orig.jpg]
[www.tgv4plus.com/gothenburg-15-august-2019.html]
[www.tgv4plus.com/uploads/1/5/3/7/153740447/ny1_orig.jpg]
[www.tgv4plus.com/uploads/1/5/3/7/153740447/les-tokyo-background_orig.jpg]
[www.tgv4plus.com/new-york-9-10-july-2019.html]
[www.tgv4plus.com/san-francisco-22-23-july-2019.html]
[www.tgv4plus.com/uploads/1/5/3/7/153740447/seoul-1_orig.jpg]
[www.tgv4plus.com/uploads/1/5/3/7/153740447/zurich-1_orig.jpg]
[www.tgv4plus.com/tokyo-26-27-june-2019.html]
[www.tgv4plus.com/seoul-12-13-june.html]
[www.tgv4plus.com/uploads/1/5/3/7/153740447/singapore-5_orig.jpg]
[www.tgv4plus.com/zurich-21-22-may-2019.html]
[www.tgv4plus.com/uploads/1/5/3/7/153740447/picture1-3_orig.png]
[www.tgv4plus.com/singapore-3-4-april-2019.html]
[www.tgv4plus.com/hong-kong-19-february-2019.html]
[www.tgv4plus.com/uploads/1/5/3/7/153740447/zurich-4-34-00-pm-1-1_orig.jpg]
[www.tgv4plus.com/uploads/1/5/3/7/153740447/picture1-2_orig.png]
[www.tgv4plus.com/zurich-event-11-dec-2018.html]
[www.tgv4plus.com/uploads/1/5/3/7/153740447/gothenburg-1_orig.jpg]
[www.tgv4plus.com/san-francisco-12-13-sep-2018.html]
[www.tgv4plus.com/gothenburg-16-august-2018.html]
[www.tgv4plus.com/uploads/1/5/3/7/153740447/new-york-1_orig.jpg]
[www.tgv4plus.com/uploads/1/5/3/7/153740447/shanghai-1-orig_orig.jpg]
[www.tgv4plus.com/new-york-11-july-2018.html]
[www.tgv4plus.com/uploads/1/5/3/7/153740447/hk-2_orig.jpg]
[www.tgv4plus.com/shanghai-20-21-june-2018.html]
[www.tgv4plus.com/uploads/1/5/3/7/153740447/mumbai-3_orig.jpg]
[www.tgv4plus.com/uploads/1/5/3/7/153740447/singa-1_orig.jpg]
[www.tgv4plus.com/hong-kong-9-10-may-2018.html]
[www.tgv4plus.com/mumbai-3rd-4th-april-2018.html]
[www.tgv4plus.com/uploads/1/5/3/7/153740447/tokyo-2_orig.jpg]
[www.tgv4plus.com/singapore-12-march-2018.html]
[www.tgv4plus.com/uploads/1/5/3/7/153740447/berlin-images-orig_orig.jpg]
[www.tgv4plus.com/tokyo-24-25-jan-2018.html]
[www.tgv4plus.com/uploads/1/5/3/7/153740447/singapore-1_orig.jpg]
[www.tgv4plus.com/uploads/1/5/3/7/153740447/singapore-2_orig.jpg]
[www.tgv4plus.com/berlin-12-14-dec-2017.html]
[www.tgv4plus.com/uploads/1/5/3/7/153740447/sf-1_orig.jpg]
[www.tgv4plus.com/singapore-13-nov-2017.html]
[www.tgv4plus.com/singapore-3-oct-2017.html]
[www.tgv4plus.com/uploads/1/5/3/7/153740447/new-1_orig.jpg]
[www.tgv4plus.com/san-francisco-13-sep-2017.html]
[www.tgv4plus.com/uploads/1/5/3/7/153740447/hong-1_orig.jpg]
[www.tgv4plus.com/new-york-12-jul-2017.html]
[www.tgv4plus.com/uploads/1/5/3/7/153740447/london-1_orig.jpg]
[www.tgv4plus.com/hong-kong-9-may-2017.html]
[www.tgv4plus.com/uploads/1/5/3/7/153740447/singapore-3_orig.jpg]
[www.tgv4plus.com/london-21-mar-2017.html]
[www.tgv4plus.com/uploads/1/5/3/7/153740447/mumbai-390483-340-1_orig.jpg]
[www.tgv4plus.com/singapore-1-mar-2017.html]
[www.tgv4plus.com/uploads/1/5/3/7/153740447/shanghai-1_orig.jpg]
[www.tgv4plus.com/mumbai-7-feb-2017.html]
[www.tgv4plus.com/uploads/1/5/3/7/153740447/singapore-4_orig.jpg]
[www.tgv4plus.com/shanghai-23-jan-2017.html]
[www.tgv4plus.com/uploads/1/5/3/7/153740447/stockholm-4_orig.jpg]
[www.tgv4plus.com/singapore-14-nov-2016.html]
[www.tgv4plus.com/uploads/1/5/3/7/153740447/new-2_orig.jpg]
[www.tgv4plus.com/nordics-1st-2nd-nov-2016.html]
[www.tgv4plus.com/uploads/1/5/3/7/153740447/ny-1_orig.jpg]
[www.tgv4plus.com/new-york-29-sep-2016.html]
[www.tgv4plus.com/uploads/1/5/3/7/153740447/hong-2_orig.jpg]
[www.tgv4plus.com/new-york-8-jun-2016.html]
[www.tgv4plus.com/uploads/1/5/3/7/153740447/beijing-1_orig.jpg]
[www.tgv4plus.com/hong-kong-30-may-2016.html]
[www.tgv4plus.com/uploads/1/5/3/7/153740447/singapore-5-1_orig.jpg]
[www.tgv4plus.com/beijing-11-may-2016.html]
[www.tgv4plus.com/uploads/1/5/3/7/153740447/stockholm-5_orig.jpg]
[www.tgv4plus.com/singapore-28-apr-2016.html]
[www.tgv4plus.com/uploads/1/5/3/7/153740447/san-francisco_orig.jpg]
[www.tgv4plus.com/stockholm-22-apr-2016.html]
[www.tgv4plus.com/san-francisco-18-apr-2016.html]
[www.tgv4plus.com/uploads/1/5/3/7/153740447/paris-1_orig.jpg]
[www.tgv4plus.com/uploads/1/5/3/7/153740447/london-2_orig-2.jpg]
[www.tgv4plus.com/paris-21-jan-2016.html]
[www.tgv4plus.com/uploads/1/5/3/7/153740447/panoramic-photography-of-island-with-green-trees-under-purple-skies-wallpaper-preview-1_orig.jpg]
[www.tgv4plus.com/london-20-jan-2016.html]
[www.tgv4plus.com/past-events.html]
[www.tgv4plus.com/_/uploads/1/5/3/7/153740447/background-images/498620572.jpg_]
[www.tgv4plus.com/stockholm-10-nov-2015.html]
[www.tgv4plus.com/upcoming-events.html]
[www.tgv4plus.com/media--press.html]
[www.tgv4plus.com/uploads/1/5/3/7/153740447/73d36d5b-fe8a-4157-b60c-0048f557ab29-1456x1048_orig.jpg]
[www.tgv4plus.com/uploads/1/5/3/7/153740447/img-5677-orig_orig.jpg]
[www.tgv4plus.com/uploads/1/5/3/7/153740447/img-3839-orig_orig.jpg]
[www.tgv4plus.com/uploads/1/5/3/7/153740447/screenshot-2021-09-01-at-11-36-48-am-orig_orig.png]
[www.tgv4plus.com/uploads/1/5/3/7/153740447/screenshot-2025-09-24-at-11-03-23-pm_orig.png]
[www.tgv4plus.com/uploads/1/5/3/7/153740447/img-5732-orig_1.jpg]
[www.tgv4plus.com/uploads/1/5/3/7/153740447/img-3841_orig.jpg]
[www.tgv4plus.com/uploads/1/5/3/7/153740447/screenshot-2021-07-27-at-11-42-30-pm-3_orig.png]
[www.tgv4plus.com/uploads/1/5/3/7/153740447/whatsapp-image-2021-07-18-at-2-53-20-pm-3_orig.jpg]
[www.tgv4plus.com/uploads/1/5/3/7/153740447/screenshot-2021-07-27-at-11-35-12-pm-3_orig.png]
[www.tgv4plus.com/_/uploads/1/5/3/7/153740447/background-images/850355939.jpeg_]
[www.tgv4plus.com/uploads/1/5/3/7/153740447/screenshot-2021-09-01-at-11-19-12-am-orig_orig.png]
[www.tgv4plus.com/uploads/1/5/3/7/153740447/screenshot-2021-06-02-at-3-19-50-pm-3_orig.png]
[www.tgv4plus.com/uploads/1/5/3/7/153740447/screenshot-2021-06-02-at-3-06-22-pm-3_orig.png]
[www.tgv4plus.com/media-coverage.html]
[www.tgv4plus.com/uploads/1/5/3/7/153740447/tgv-photo-orig_orig.jpg]
[www.tgv4plus.com/uploads/1/5/3/7/153740447/img-8152_orig.jpg]
[www.tgv4plus.com/uploads/1/5/3/7/153740447/img-6447_orig.jpg]
[www.tgv4plus.com/uploads/1/5/3/7/153740447/covu-dus-an-and-ali_orig.png]
[www.tgv4plus.com/uploads/1/5/3/7/153740447/img-3493-orig_orig.jpg]
[www.tgv4plus.com/uploads/1/5/3/7/153740447/73840d50-2373-491f-8f86-7077ff5c0fbd-orig_orig.jpg]
[www.tgv4plus.com/uploads/1/5/3/7/153740447/img-0807_orig.jpg]
[www.tgv4plus.com/uploads/1/5/3/7/153740447/eb78b291-9899-4ed6-b5cf-a16d5de2f47a-orig_orig.jpg]
[www.tgv4plus.com/uploads/1/5/3/7/153740447/printler-andreas-and-fredrik-picture_orig.jpg]
[www.tgv4plus.com/uploads/1/5/3/7/153740447/img-3094_orig.jpg]
[www.tgv4plus.com/_/uploads/1/5/3/7/153740447/background-images/1867253933.jpeg_]
[www.tgv4plus.com/uploads/1/5/3/7/153740447/img-3537-orig_orig.jpg]
[www.tgv4plus.com/uploads/1/5/3/7/153740447/whatsapp-image-2024-05-02-at-14-15-36_orig.jpg]
[www.tgv4plus.com/uploads/1/5/3/7/153740447/image-1_orig.jpg]
[www.tgv4plus.com/uploads/1/5/3/7/153740447/twitter-22-03-24-chromia-x-animoca-orig_orig.jpg]
[www.tgv4plus.com/uploads/1/5/3/7/153740447/0de4af-270d55b832fa46fe9493aab0c733cf9e-mv2-orig_orig.gif]
[www.tgv4plus.com/uploads/1/5/3/7/153740447/203449-39e9abc484f55aac-001full-3_orig.jpg]
[www.tgv4plus.com/uploads/1/5/3/7/153740447/dusan-stojanovic-orig_orig-2.jpg]
[www.tgv4plus.com/uploads/1/5/3/7/153740447/published/0d42cac364c58cf5720393a78bee4c75-origc282.jpg]
[www.tgv4plus.com/uploads/1/5/3/7/153740447/0de4af-270d55b832fa46fe9493aab0c733cf9e-mv2-4_orig.gif]
[www.tgv4plus.com/uploads/1/5/3/7/153740447/true-global-ventures-interview-2_orig.png]
[www.tgv4plus.com/uploads/1/5/3/7/153740447/screenshot-2024-05-02-at-1-23-15-pm-orig_orig.png]
[www.tgv4plus.com/uploads/1/5/3/7/153740447/screenshot-2024-05-02-at-1-31-03-pm-orig_orig.png]
[www.tgv4plus.com/uploads/1/5/3/7/153740447/images-orig_orig.png]
[www.tgv4plus.com/uploads/1/5/3/7/153740447/whatsapp-image-2023-03-30-at-5-39-32-pm-2_orig.jpg]
[www.tgv4plus.com/uploads/1/5/3/7/153740447/tgv-offsite-2_orig.jpg]
[www.tgv4plus.com/uploads/1/5/3/7/153740447/tgv-opportunity-fund-rebranding-5_orig.png]
[www.tgv4plus.com/uploads/1/5/3/7/153740447/screenshot-2022-11-17-at-8-51-09-pm_orig.png]
[www.tgv4plus.com/uploads/1/5/3/7/153740447/whatsapp-image-2022-09-30-at-3-13-22-pm_orig.jpg]
[www.tgv4plus.com/uploads/1/5/3/7/153740447/0de4af-270d55b832fa46fe9493aab0c733cf9e-mv2_orig.gif]
[www.tgv4plus.com/uploads/1/5/3/7/153740447/true-global-ventures-4-plus-logo_orig.png]
[www.tgv4plus.com/uploads/1/5/3/7/153740447/whatsapp-image-2022-06-09-at-4-43-52-pm-orig_orig.jpg]
[www.tgv4plus.com/uploads/1/5/3/7/153740447/tgv4-gps-compressed_orig.jpg]
[www.tgv4plus.com/uploads/1/5/3/7/153740447/screenshot-2022-05-26-at-8-38-50-pm_orig.png]
[www.tgv4plus.com/uploads/1/5/3/7/153740447/forge_orig.png]
[www.tgv4plus.com/uploads/1/5/3/7/153740447/picture-1_orig.jpg]
[www.tgv4plus.com/uploads/1/5/3/7/153740447/whatsapp-image-2022-03-03-at-1-34-34-pm_orig.jpg]
[www.tgv4plus.com/uploads/1/5/3/7/153740447/screenshot-2022-02-17-at-6-31-03-pm_orig.png]
[www.tgv4plus.com/uploads/1/5/3/7/153740447/screenshot-2022-01-21-at-7-08-33-pm_orig.png]
[www.tgv4plus.com/uploads/1/5/3/7/153740447/coinhouse-logo-700x700-alpha_orig.png]
[www.tgv4plus.com/uploads/1/5/3/7/153740447/high-quality-chromaway-logo-lrg_orig.png]
[www.tgv4plus.com/uploads/1/5/3/7/153740447/screenshot-2022-01-06-at-4-59-49-pm_orig.png]
[www.tgv4plus.com/uploads/1/5/3/7/153740447/screenshot-2021-12-22-at-5-11-59-pm-orig_orig.png]
[www.tgv4plus.com/uploads/1/5/3/7/153740447/screenshot-2021-12-18-at-6-08-38-pm-orig_orig.png]
[www.tgv4plus.com/uploads/1/5/3/7/153740447/screenshot-2021-12-18-at-6-08-25-pm-orig_orig.png]
[www.tgv4plus.com/uploads/1/5/3/7/153740447/picture-1_orig.png]
[www.tgv4plus.com/uploads/1/5/3/7/153740447/picture-2_orig.png]
[www.tgv4plus.com/uploads/1/5/3/7/153740447/screenshot-2021-10-27-at-10-42-36-am-orig_orig.png]
[www.tgv4plus.com/uploads/1/5/3/7/153740447/0de4af-9d5c813db47a4caf82e68a841fd2ec95-mv2_orig.jpg]
[www.tgv4plus.com/uploads/1/5/3/7/153740447/new-founding-partners-banner-orig_orig.png]
[www.tgv4plus.com/uploads/1/5/3/7/153740447/all-true-global-ventures-conferences_orig.png]
[www.tgv4plus.com/uploads/1/5/3/7/153740447/0de4af-eeef2988d91542aa9e6c7180e78b4753-mv2-4_orig.gif]
[www.tgv4plus.com/uploads/1/5/3/7/153740447/forge-global-logo-3_orig.jpg]
[www.tgv4plus.com/uploads/1/5/3/7/153740447/ccu-orig_orig.png]
[www.tgv4plus.com/tgv-press-releases.html]
[www.tgv4plus.com/uploads/1/5/3/7/153740447/tgv-photo-orig_orig-2.jpg]
[www.tgv4plus.com/tgv-granted-cms-license-by-mas.html]
[www.tgv4plus.com/uploads/1/5/3/7/153740447/img-8152_orig-2.jpg]
[www.tgv4plus.com/tgv-invests-in-busup.html]
[www.tgv4plus.com/uploads/1/5/3/7/153740447/img-6447_orig-2.jpg]
[www.tgv4plus.com/tgv-invests-in-bookitngo.html]
[www.tgv4plus.com/tgv-invests-in-silicon-valley-based-covu.html]
[www.tgv4plus.com/uploads/1/5/3/7/153740447/img-3493_orig.jpg]
[www.tgv4plus.com/tgv-invests-in-prezentai.html]
[www.tgv4plus.com/uploads/1/5/3/7/153740447/73840d50-2373-491f-8f86-7077ff5c0fbd-orig_orig-2.jpg]
[www.tgv4plus.com/validation-cloud-secures-10m-lead-to-scale-ai-for-web3-from-true-global-ventures.html]
[www.tgv4plus.com/uploads/1/5/3/7/153740447/img-0807-orig_orig.jpg]
[www.tgv4plus.com/obligo-raises-35m-to-expand-its-security-deposit-solutions-across-millions-of-us-homes.html]
[www.tgv4plus.com/uploads/1/5/3/7/153740447/eb78b291-9899-4ed6-b5cf-a16d5de2f47a-orig_orig-2.jpg]
[www.tgv4plus.com/tookitaki-ai-compliance-solution-drives-expansion-across-key-asian-markets-with-funding-from-true-global-ventures.html]
[www.tgv4plus.com/uploads/1/5/3/7/153740447/printler-andreas-and-fredrik-picture-orig_orig.jpg]
[www.tgv4plus.com/tgv-invests-in-printler.html]
[www.tgv4plus.com/uploads/1/5/3/7/153740447/img-3094-orig_orig.jpg]
[www.tgv4plus.com/true-global-ventures-opportunity-fund-invests-in-jus-mundi.html]
[www.tgv4plus.com/uploads/1/5/3/7/153740447/image-orig_orig.jpg]
[www.tgv4plus.com/bookit-n-go-a-travel-technology-company-announces-the-successful-closure.html]
[www.tgv4plus.com/uploads/1/5/3/7/153740447/0de4af-270d55b832fa46fe9493aab0c733cf9e-mv2-2_orig.gif]
[www.tgv4plus.com/cdn-cgi/l/email-protection.html]
[www.tgv4plus.com/cdn-cgi/scripts/5c5dd728/cloudflare-static/email-decode.min.js]
[www.tgv4plus.com/animoca-brands-update-on-financial-position.html]
[www.tgv4plus.com/animoca-brands-joins-chromia-as-a-network-provider.html]
[www.tgv4plus.com/uploads/1/5/3/7/153740447/203449-39e9abc484f55aac-001-orig_orig.jpg]
[www.tgv4plus.com/appointment-of-beatrice-lion-as-ceo.html]
[www.tgv4plus.com/insights-on-megatrends.html]
[www.tgv4plus.com/uploads/1/5/3/7/153740447/0d42cac364c58cf5720393a78bee4c75-orig_orig.jpg]
[www.tgv4plus.com/aya-platform-of-enjinstarter-granted-virtual-asset-service-provider-licence-by-dubairsquos-virtual-assets-regulatory-authority.html]
[www.tgv4plus.com/uploads/1/5/3/7/153740447/tgv-opportunity-fund-rebranding_orig.png]
[www.tgv4plus.com/tgv-4-plus-rebrands-to-opportunity-fund.html]
[www.tgv4plus.com/uploads/1/5/3/7/153740447/whatsapp-image-2023-03-30-at-5-39-32-pm-orig_orig.jpg]
[www.tgv4plus.com/tgv-invests-over-24-m-usd-in-ledger.html]
[www.tgv4plus.com/uploads/1/5/3/7/153740447/tgv-offsite-orig_orig.jpg]
[www.tgv4plus.com/tgvs-5-web3-megatrends-for-2023.html]
[www.tgv4plus.com/uploads/1/5/3/7/153740447/screenshot-2022-10-18-at-3-33-48-pm-1_orig.png]
[www.tgv4plus.com/tgv4-portfolio-pinktada-oversubscribed-on-13m-usd.html]
[www.tgv4plus.com/uploads/1/5/3/7/153740447/screenshot-2022-10-18-at-3-33-48-pm-orig_orig.png]
[www.tgv4plus.com/tgv4-portfolio-company-pinktada-raises-another-round.html]
[www.tgv4plus.com/uploads/1/5/3/7/153740447/whatsapp-image-2022-09-30-at-3-13-22-pm_orig-2.jpg]
[www.tgv4plus.com/quantumrock-partners-with-bambu---enhancing-b2b-roboadvisory-solutions-with-ai.html]
[www.tgv4plus.com/tgv4-invests-total-us38m-in-animoca-brands.html]
[www.tgv4plus.com/tgv4-fof-first-investment-following-on-in-animoca-brands.html]
[www.tgv4plus.com/uploads/1/5/3/7/153740447/tgv4-gps-compressed_orig-2.jpg]
[www.tgv4plus.com/tgv4-closes-new-us146m-follow-on-fund.html]
[www.tgv4plus.com/uploads/1/5/3/7/153740447/whatsapp-image-2022-06-09-at-4-43-52-pm_orig.jpg]
[www.tgv4plus.com/_/uploads/1/5/3/7/153740447/background-images/1750386233.png_]
[www.tgv4plus.com/tgv4-continues-to-invests-in-coinhouse.html]
[www.tgv4plus.com/uploads/1/5/3/7/153740447/screenshot-2022-05-26-at-3-55-59-pm_orig.png]
[www.tgv4plus.com/_/uploads/1/5/3/7/153740447/background-images/1424446558.png_]
[www.tgv4plus.com/tgv-invest-in-first-asian-female-entrepreneur-26-may-2022.html]
[www.tgv4plus.com/_/uploads/1/5/3/7/153740447/background-images/165777267.png_]
[www.tgv4plus.com/tgvs-forge-goes-public-on-nyse.html]
[www.tgv4plus.com/_/uploads/1/5/3/7/153740447/background-images/1060536866.png_]
[www.tgv4plus.com/tgv4-invests-in-iomob.html]
[www.tgv4plus.com/uploads/1/5/3/7/153740447/whatsapp-image-2022-03-03-at-1-34-34-pm_orig-2.jpg]
[www.tgv4plus.com/_/uploads/1/5/3/7/153740447/background-images/1721559836.png_]
[www.tgv4plus.com/tgv4-supports-unchain-ukraine.html]
[www.tgv4plus.com/_/uploads/1/5/3/7/153740447/background-images/1537823552.jpeg_]
[www.tgv4plus.com/tgv4-backs-first-female-founder.html]
[www.tgv4plus.com/_/uploads/1/5/3/7/153740447/background-images/1445421663.png_]
[www.tgv4plus.com/tgv4-invests-in-enjinstarter.html]
[www.tgv4plus.com/uploads/1/5/3/7/153740447/whatsapp-image-2022-01-17-at-10-01-35-pm-orig_orig.jpg]
[www.tgv4plus.com/_/uploads/1/5/3/7/153740447/background-images/300222012.png_]
[www.tgv4plus.com/tgv4-invests-in-coinhouse.html]
[www.tgv4plus.com/uploads/1/5/3/7/153740447/founders-5-orig_orig.jpg]
[www.tgv4plus.com/_/uploads/1/5/3/7/153740447/background-images/792336463.png_]
[www.tgv4plus.com/tgv4-invests-in-chromaway.html]
[www.tgv4plus.com/uploads/1/5/3/7/153740447/picture-1-orig_orig.png]
[www.tgv4plus.com/tgv4-invests-in-gcex.html]
[www.tgv4plus.com/uploads/1/5/3/7/153740447/published/whatsapp-image-2021-12-22-at-5-09-37-pm6cce.jpg]
[www.tgv4plus.com/uploads/1/5/3/7/153740447/published/whatsapp-image-2021-12-22-at-5-09-28-pm1ba8.jpg]
[www.tgv4plus.com/uploads/1/5/3/7/153740447/published/pearce7b60.jpg]
[www.tgv4plus.com/tgv4-continues-rapid-global-expansion.html]
[www.tgv4plus.com/uploads/1/5/3/7/153740447/995019745_orig.png]
[www.tgv4plus.com/_/uploads/1/5/3/7/153740447/background-images/1516140892.png_]
[www.tgv4plus.com/tgv4-invests-in-pinktada.html]
[www.tgv4plus.com/uploads/1/5/3/7/153740447/screenshot-2021-12-18-at-4-57-44-pm-orig_orig.png]
[www.tgv4plus.com/_/uploads/1/5/3/7/153740447/background-images/113930800.jpg_]
[www.tgv4plus.com/tgv4-invests-in-picturethis.html]
[www.tgv4plus.com/uploads/1/5/3/7/153740447/1807617634_orig.png]
[www.tgv4plus.com/_/uploads/1/5/3/7/153740447/background-images/1393372156.png_]
[www.tgv4plus.com/tgv4-invests-in-forza-ikonia.html]
[www.tgv4plus.com/uploads/1/5/3/7/153740447/tgv-sandbox-orig_orig.png]
[www.tgv4plus.com/_/uploads/1/5/3/7/153740447/background-images/664531124.png_]
[www.tgv4plus.com/tgv4-follows-on-investment-in-the-sandbox-series-b-with-us10m.html]
[www.tgv4plus.com/_/uploads/1/5/3/7/153740447/background-images/358310378.png_]
[www.tgv4plus.com/tgv4-exercises-cad23m-warrants-in-ccu.html]
[www.tgv4plus.com/uploads/1/5/3/7/153740447/download_orig.jpg]
[www.tgv4plus.com/_/uploads/1/5/3/7/153740447/background-images/367449665.jpg_]
[www.tgv4plus.com/animoca-raises-65m-at-22b-valuation.html]
[www.tgv4plus.com/_/uploads/1/5/3/7/153740447/background-images/1051065379.jpeg_]
[www.tgv4plus.com/tgv4-five-new-founding-partners.html]
[www.tgv4plus.com/uploads/1/5/3/7/153740447/55-true-global-ventures-conferences-no-logo-orig_orig.jpg]
[www.tgv4plus.com/_/uploads/1/5/3/7/153740447/background-images/1200209298.png_]
[www.tgv4plus.com/tgv4-100-million-closing.html]
[www.tgv4plus.com/uploads/1/5/3/7/153740447/editor/screenshot-2021-09-01-at-5-20-57-pm-orig3242.png]
[www.tgv4plus.com/uploads/1/5/3/7/153740447/canada-banner-rahul-orig_orig.jpg]
[www.tgv4plus.com/_/uploads/1/5/3/7/153740447/background-images/467254579.jpeg_]
[www.tgv4plus.com/canada-computational-unlimited-22-june-2021.html]
[www.tgv4plus.com/uploads/1/5/3/7/153740447/published/0de4af-270d55b832fa46fe9493aab0c733cf9e-mv23dc0.gif]
[www.tgv4plus.com/uploads/1/5/3/7/153740447/20200121-banner-hongkong-hafen-manjik-via123rf-81776094-m-1_orig.jpg]
[www.tgv4plus.com/_/uploads/1/5/3/7/153740447/background-images/304116676.jpeg_]
[www.tgv4plus.com/animoca-brands-may-13-2021.html]
[www.tgv4plus.com/uploads/1/5/3/7/153740447/forge-global-logo-2_orig.jpg]
[www.tgv4plus.com/uploads/1/5/3/7/153740447/original-san-francisco-banner-crop-2019-2_orig.jpg]
[www.tgv4plus.com/_/uploads/1/5/3/7/153740447/background-images/438853316.jpeg_]
[www.tgv4plus.com/forge-global-may-07-2021.html]
[www.tgv4plus.com/uploads/1/5/3/7/153740447/true-global-ventures-7-6_orig.png]
[www.tgv4plus.com/_/uploads/1/5/3/7/153740447/background-images/992711196.jpg_]
[www.tgv4plus.com/contact.html]
[www.tgv4plus.com/_/uploads/1/5/3/7/153740447/background-images/2100250655.html]
[www.tgv4plus.com/_/uploads/1/5/3/7/153740447/background-images/1310671237.jpg_]
[www.tgv4plus.com/privacy-policy.html]
[www.tgv4plus.com/_/uploads/1/5/3/7/153740447/background-images/1884537763.jpg_]
[www.tgv4plus.com/whistleblowing-policy.html]
[www.tgv4plus.com/_/uploads/1/5/3/7/153740447/background-images/1456541126.jpg_]
[www.tgv4plus.com/code-of-ethical-conduct.html]
[www.tgv4plus.com/_/uploads/1/5/3/7/153740447/background-images/1696044599.jpg_]
[www.tgv4plus.com/complaints-policy.html]
[www.tgv4plus.com/files/theme/fonts/9fd4ea0c-b19a-4b21-9fdf-37045707dd78.svg]
[www.tgv4plus.com/files/theme/fonts/3966f856-9dcf-48e7-88e7-7400f1b7d619.svg]
[www.tgv4plus.com/files/theme/fonts/52a192b1-bea5-4b48-879f-107f009b666f.svg]
[www.tgv4plus.com/files/theme/fonts/1de7e6f4-9d4d-47e7-ab23-7d5cf10ab585.svg]
[www.tgv4plus.com/files/theme/fonts/a89d6ad1-a04f-4a8f-b140-e55478dbea80.svg]
[www.tgv4plus.com/files/theme/fonts/ed4d3c45-af64-4992-974b-c37cd12a9570.svg]
[www.tgv4plus.com/files/theme/images/select-dropdowna677.svg]
[www.tgv4plus.com/_/uploads/1/5/3/7/153740447/background-images/809041017.html]
[www.tgv4plus.com/_/uploads/1/5/3/7/153740447/background-images/752908037.html]
[www.tgv4plus.com/_/uploads/1/5/3/7/153740447/background-images/615160709.html]
[www.tgv4plus.com/_/uploads/1/5/3/7/153740447/background-images/456307260.html]
[www.tgv4plus.com/_/uploads/1/5/3/7/153740447/background-images/694187478.html]
[www.tgv4plus.com/_/uploads/1/5/3/7/153740447/background-images/73641146.html]
[www.tgv4plus.com/_/uploads/1/5/3/7/153740447/background-images/1986602861.html]
[www.tgv4plus.com/_/uploads/1/5/3/7/153740447/background-images/213229291.html]
[www.tgv4plus.com/_/uploads/1/5/3/7/153740447/background-images/360540936.html]
[www.tgv4plus.com/_/uploads/1/5/3/7/153740447/background-images/1720016392.jpg_]
[www.tgv4plus.com/71st-global-event-ipo-window-opening-up.html]
[www.tgv4plus.com/uploads/1/5/3/7/153740447/70th-tgv-global-conference-pt-orig_orig.jpg]
[www.tgv4plus.com/uploads/1/5/3/7/153740447/70th-tgv-global-conference-hk-orig_orig.png]
[www.tgv4plus.com/_/uploads/1/5/3/7/153740447/background-images/555927005.png_]
[www.tgv4plus.com/tgv-70th-global-conference.html]
[www.tgv4plus.com/_/uploads/1/5/3/7/153740447/background-images/1108612698.jpg_]
[www.tgv4plus.com/tgv-69th-event-applications-ai-in-future-of-works-sustainability-deep-analytics.html]
[www.tgv4plus.com/_/uploads/1/5/3/7/153740447/background-images/1810922587.jpg_]
[www.tgv4plus.com/tgv-68th-event-navigating-climatetech-with-ai-blockchain.html]
[www.tgv4plus.com/_/uploads/1/5/3/7/153740447/background-images/1543477429.jpg_]
[www.tgv4plus.com/tgv-67th-event-the-rapid-evolution-of-ai-in-the-last-6-months-29-nov-2023-us-time.html]
[www.tgv4plus.com/uploads/1/5/3/7/153740447/0de4af-270d55b832fa46fe9493aab0c733cf9e-mv2-1_orig.gif]
[www.tgv4plus.com/_/uploads/1/5/3/7/153740447/background-images/299583819.jpg_]
[www.tgv4plus.com/tgv-66th-event-navigating-the-future-of-tech-12-september-2023.html]
[www.tgv4plus.com/_/uploads/1/5/3/7/153740447/background-images/1797729588.jpg_]
[www.tgv4plus.com/tgv-65th-event-generative-ai-impact-on-web2-web3-and-non-tech-16-may-2023.html]
[www.tgv4plus.com/_/uploads/1/5/3/7/153740447/background-images/9597159.jpg_]
[www.tgv4plus.com/tgv-64th-event-chatgptrsquos-impact-on-web2-web3-and-non-tech-23-feb-2023-22-feb-us-time.html]
[www.tgv4plus.com/_/uploads/1/5/3/7/153740447/background-images/1454148396.jpg_]
[www.tgv4plus.com/tgv-63rd-event-who-are-the-web3-builders-in-a-bear-market-1-dec-2022.html]
[www.tgv4plus.com/_/uploads/1/5/3/7/153740447/background-images/1782555597.jpg_]
[www.tgv4plus.com/tgv-62nd-event-have-we-reached-the-bottom-of-market-correction-15-sep-2022.html]
[www.tgv4plus.com/uploads/1/5/3/7/153740447/61st-tgv-conference-pacific-time-orig.png]
[www.tgv4plus.com/_/uploads/1/5/3/7/153740447/background-images/376080082.jpg_]
[www.tgv4plus.com/tgv-61st-event-opportunities-threats-16-june-2022-15-june-us.html]
[www.tgv4plus.com/uploads/1/5/3/7/153740447/60th-tgv-conference-cet-orig.png]
[www.tgv4plus.com/_/uploads/1/5/3/7/153740447/background-images/121266193.png_]
[www.tgv4plus.com/tgv-60th-event-asia-europe-17-march-2022.html]
[www.tgv4plus.com/uploads/1/5/3/7/153740447/happy-new-year-59th-tgv-conference-pacific-time-orig.png]
[www.tgv4plus.com/_/uploads/1/5/3/7/153740447/background-images/2006101024.jpg_]
[www.tgv4plus.com/tgv-event-us-europe-20-jan-2022.html]
[www.tgv4plus.com/uploads/1/5/3/7/153740447/screenshot-2021-09-12-at-4-34-20-pm-orig_orig.png]
[www.tgv4plus.com/uploads/1/5/3/7/153740447/download-orig-orig_orig.png]
[www.tgv4plus.com/uploads/1/5/3/7/153740447/tgv-s-58th-global-conference-asia-orig.png]
[www.tgv4plus.com/_/uploads/1/5/3/7/153740447/background-images/1194504299.jpg_]
[www.tgv4plus.com/tgv-event-asia-us-10-nov-2021.html]
[www.tgv4plus.com/uploads/1/5/3/7/153740447/screenshot-2021-09-12-at-4-34-20-pm_orig.png]
[www.tgv4plus.com/uploads/1/5/3/7/153740447/download-orig_orig.png]
[www.tgv4plus.com/uploads/1/5/3/7/153740447/screenshot-2021-09-16-at-12-44-23-am-orig_orig.png]
[www.tgv4plus.com/_/uploads/1/5/3/7/153740447/background-images/1529029185.jpg_]
[www.tgv4plus.com/tgv-event-nordic-us-16-sept-2021.html]
[www.tgv4plus.com/uploads/1/5/3/7/153740447/0de4af-eeef2988d91542aa9e6c7180e78b4753-mv2-1-1_orig.gif]
[www.tgv4plus.com/uploads/1/5/3/7/153740447/download-orig-1_orig.png]
[www.tgv4plus.com/uploads/1/5/3/7/153740447/tgv-s-56th-global-conference-asia-orig.png]
[www.tgv4plus.com/_/uploads/1/5/3/7/153740447/background-images/221478872.jpg_]
[www.tgv4plus.com/tgv-event-22-july-2021.html]
[www.tgv4plus.com/uploads/1/5/3/7/153740447/tvv-orig_orig.png]
[www.tgv4plus.com/uploads/1/5/3/7/153740447/adit-ventures-final-logo-homepage-1-orig_orig.png]
[www.tgv4plus.com/uploads/1/5/3/7/153740447/tgv-s-55th-global-conference-asia.png]
[www.tgv4plus.com/_/uploads/1/5/3/7/153740447/background-images/1018087063.jpg_]
[www.tgv4plus.com/tgv-event-25-may-2021.html]
[www.tgv4plus.com/uploads/1/5/3/7/153740447/animoca-brands-standard-logo-orig_orig.png]
[www.tgv4plus.com/uploads/1/5/3/7/153740447/picture-2-orig_orig.png]
[www.tgv4plus.com/uploads/1/5/3/7/153740447/tbg-logo-e1600854310946-orig_orig.png]
[www.tgv4plus.com/uploads/1/5/3/7/153740447/published/spark-systems-logo-origac92.png]
[www.tgv4plus.com/uploads/1/5/3/7/153740447/tgv-s-54th-global-conference-25-march-2021-cet-orig_orig.png]
[www.tgv4plus.com/_/uploads/1/5/3/7/153740447/background-images/1798262208.jpg_]
[www.tgv4plus.com/tgv-event-25-march-2021.html]
[www.tgv4plus.com/uploads/1/5/3/7/153740447/animoca-brands-standard-logo_orig.png]
[www.tgv4plus.com/uploads/1/5/3/7/153740447/btplawllclogo-1_orig.png]
[www.tgv4plus.com/uploads/1/5/3/7/153740447/true-global-ventures-53rd-global-conference-asia-orig_orig.png]
[www.tgv4plus.com/_/uploads/1/5/3/7/153740447/background-images/1714994964.jpg_]
[www.tgv4plus.com/tgv-event-4-feb-2021-fintech-liquidity-asia.html]
[www.tgv4plus.com/uploads/1/5/3/7/153740447/published/white-summers-logo2blue-1ed96.png]
[www.tgv4plus.com/uploads/1/5/3/7/153740447/true-global-ventures-52nd-global-conference-pacific-time-orig_orig.png]
[www.tgv4plus.com/_/uploads/1/5/3/7/153740447/background-images/1499743403.jpg_]
[www.tgv4plus.com/tgv-event-focus-on-fintech-liquidity-10-dec-2020.html]
[www.tgv4plus.com/uploads/1/5/3/7/153740447/bcg-dark-orig_orig.png]
[www.tgv4plus.com/uploads/1/5/3/7/153740447/0de4af-74d3ce1616fe4767b2bde3980df1326f-mv2_orig.png]
[www.tgv4plus.com/uploads/1/5/3/7/153740447/51st-tgv-global-conference-early-stage-or-late-stage-where-are-the-returns-7-oct-2020-orig_orig.png]
[www.tgv4plus.com/_/uploads/1/5/3/7/153740447/background-images/1147398100.jpg_]
[www.tgv4plus.com/tgv-early-stagelate-stage-where-are-the-returns-7-oct-2020.html]
[www.tgv4plus.com/uploads/1/5/3/7/153740447/pxttetvwc2wuirkubura72rexvki7yjupbrudpat-orig_orig.png]
[www.tgv4plus.com/uploads/1/5/3/7/153740447/animoca-brands-standard-logo-1_orig.png]
[www.tgv4plus.com/_/uploads/1/5/3/7/153740447/background-images/446865757.jpg_]
[www.tgv4plus.com/tgv-highly-digitalised-countries-8-9-sept-2020.html]
[www.tgv4plus.com/uploads/1/5/3/7/153740447/the-blockchain-group-e1537439976829-orig_orig.png]
[www.tgv4plus.com/uploads/1/5/3/7/153740447/animoca-brands-standard-logo-2_orig.png]
[www.tgv4plus.com/uploads/1/5/3/7/153740447/logo-primarymarkets-2020-orig_orig.png]
[www.tgv4plus.com/uploads/1/5/3/7/153740447/2-orig-3_orig.png]
[www.tgv4plus.com/uploads/1/5/3/7/153740447/49th-tgv-conference-forced-digitalisation-the-opportunity-of-the-century-28-29-july-orig_orig.png]
[www.tgv4plus.com/uploads/1/5/3/7/153740447/screenshot-2020-08-12-at-12-37-32-am-orig.png]
[www.tgv4plus.com/_/uploads/1/5/3/7/153740447/background-images/1008768012.jpg_]
[www.tgv4plus.com/tgv-forced-digitalisation-28-29-july-2020.html]
[www.tgv4plus.com/uploads/1/5/3/7/153740447/1-orig-2_orig.png]
[www.tgv4plus.com/uploads/1/5/3/7/153740447/2-orig-4_orig.png]
[www.tgv4plus.com/uploads/1/5/3/7/153740447/worktech-rgb-logo-color-high-res-1-1-orig_orig.png]
[www.tgv4plus.com/uploads/1/5/3/7/153740447/2-drp0fz5dmhxqmkdwc-8roq-orig_orig.jpg]
[www.tgv4plus.com/uploads/1/5/3/7/153740447/screenshot-2020-08-12-at-12-42-11-am-orig.png]
[www.tgv4plus.com/_/uploads/1/5/3/7/153740447/background-images/1372044701.jpg_]
[www.tgv4plus.com/online-conference-covid19-winners-9-10-june-2020.html]
[www.tgv4plus.com/uploads/1/5/3/7/153740447/tgv-global-day-2-cet-orig.png]
[www.tgv4plus.com/_/uploads/1/5/3/7/153740447/background-images/1836760530.jpg_]
[www.tgv4plus.com/global-all-stars-online-event-28-29-april-2020.html]
[www.tgv4plus.com/uploads/1/5/3/7/153740447/logo-dzp-en-m-orig_orig.png]
[www.tgv4plus.com/uploads/1/5/3/7/153740447/copy-of-46th-tgv-warsaw-event-12-march-2020-orig.png]
[www.tgv4plus.com/_/uploads/1/5/3/7/153740447/background-images/963336237.jpg_]
[www.tgv4plus.com/warsaw-11-12-march-2020.html]
[www.tgv4plus.com/uploads/1/5/3/7/153740447/logo-rise-transparent-orig_orig.png]
[www.tgv4plus.com/uploads/1/5/3/7/153740447/kramer-levin-logo-orig_orig.png]
[www.tgv4plus.com/uploads/1/5/3/7/153740447/published/mobile-logo-orig119f.png]
[www.tgv4plus.com/uploads/1/5/3/7/153740447/paris-6-feb-2020-agenda-orig_orig.png]
[www.tgv4plus.com/_/cdn2.editmysite.com/images/editor/theme-background/stock/Sailing2.jpg_]
[www.tgv4plus.com/paris-6-february-2020.html]
[www.tgv4plus.com/uploads/1/5/3/7/153740447/screen-shot-2020-01-09-at-1-26-36-pm-orig.png]
[www.tgv4plus.com/_/uploads/1/5/3/7/153740447/background-images/708559813.jpg_]
[www.tgv4plus.com/hong-kong-14-january-2020.html]
[www.tgv4plus.com/uploads/1/5/3/7/153740447/tgv-s-43rd-disruption-in-financial-services-event-3-dec.png]
[www.tgv4plus.com/uploads/1/5/3/7/153740447/published/tv-via-logo-rgb-orig6480.jpg]
[www.tgv4plus.com/uploads/1/5/3/7/153740447/published/5a1d2bba4ac6b00ff574e266-origb360.png]
[www.tgv4plus.com/uploads/1/5/3/7/153740447/5b2e82027380dcafbb1bdc2910918d74_orig.png]
[www.tgv4plus.com/uploads/1/5/3/7/153740447/580b57fcd9996e24bc43c530_orig.png]
[www.tgv4plus.com/_/uploads/1/5/3/7/153740447/background-images/1788928584.jpg_]
[www.tgv4plus.com/singapore-2-3-december-2019.html]
[www.tgv4plus.com/_/uploads/1/5/3/7/153740447/background-images/1569524211.jpg_]
[www.tgv4plus.com/taipei-23-24-october-2019.html]
[www.tgv4plus.com/uploads/1/5/3/7/153740447/85924344-cb27-4ee9-ae40-fe1ac09ff201-orig_orig.jpg]
[www.tgv4plus.com/_/uploads/1/5/3/7/153740447/background-images/693609754.jpg_]
[www.tgv4plus.com/warsaw-1-october-2019.html]
[www.tgv4plus.com/uploads/1/5/3/7/153740447/unnamed_orig.png]
[www.tgv4plus.com/uploads/1/5/3/7/153740447/sp-and-tag-colour-tif_orig.png]
[www.tgv4plus.com/_/uploads/1/5/3/7/153740447/background-images/1100540422.jpg_]
[www.tgv4plus.com/london-26-september-2019.html]
[www.tgv4plus.com/uploads/1/5/3/7/153740447/screen-shot-2020-01-07-at-2-09-06-pm-orig_orig.png]
[www.tgv4plus.com/uploads/1/5/3/7/153740447/screen-shot-2020-01-07-at-2-06-51-pm-orig_orig.png]
[www.tgv4plus.com/_/uploads/1/5/3/7/153740447/background-images/1184336173.jpg_]
[www.tgv4plus.com/riyadh-17-september-2019.html]
[www.tgv4plus.com/uploads/1/5/3/7/153740447/spp-logo1_orig.jpg]
[www.tgv4plus.com/uploads/1/5/3/7/153740447/cirio_orig.png]
[www.tgv4plus.com/uploads/1/5/3/7/153740447/youcal-logo-orig_orig.png]
[www.tgv4plus.com/uploads/1/5/3/7/153740447/dfs-15-logo-utan-tag-orig_orig.jpg]
[www.tgv4plus.com/_/uploads/1/5/3/7/153740447/background-images/2115938021.jpg_]
[www.tgv4plus.com/stockholm-21-22-august-2019.html]
[www.tgv4plus.com/_/uploads/1/5/3/7/153740447/background-images/461777047.jpg_]
[www.tgv4plus.com/gothenburg-15-august-2019.html]
[www.tgv4plus.com/uploads/1/5/3/7/153740447/pc1-orig_orig.png]
[www.tgv4plus.com/uploads/1/5/3/7/153740447/payswiff-orig_orig.png]
[www.tgv4plus.com/uploads/1/5/3/7/153740447/sharespost-logo-587ff617d57e6-orig_orig.jpg]
[www.tgv4plus.com/uploads/1/5/3/7/153740447/palcap_orig.png]
[www.tgv4plus.com/uploads/1/5/3/7/153740447/ethereum-classic-labs_orig.png]
[www.tgv4plus.com/_/uploads/1/5/3/7/153740447/background-images/1900245871.jpg_]
[www.tgv4plus.com/san-francisco-22-23-july-2019.html]
[www.tgv4plus.com/uploads/1/5/3/7/153740447/published/78-37179dd.jpg]
[www.tgv4plus.com/uploads/1/5/3/7/153740447/credit-suisse-logo_orig.jpg]
[www.tgv4plus.com/uploads/1/5/3/7/153740447/156717164_orig.png]
[www.tgv4plus.com/_/uploads/1/5/3/7/153740447/background-images/787335298.jpg_]
[www.tgv4plus.com/new-york-9-10-july-2019.html]
[www.tgv4plus.com/uploads/1/5/3/7/153740447/amt-logo-1_orig.png]
[www.tgv4plus.com/_/uploads/1/5/3/7/153740447/background-images/721460377.jpg_]
[www.tgv4plus.com/tokyo-26-27-june-2019.html]
[www.tgv4plus.com/_/uploads/1/5/3/7/153740447/background-images/382825700.jpg_]
[www.tgv4plus.com/seoul-12-13-june.html]
[www.tgv4plus.com/_/uploads/1/5/3/7/153740447/background-images/1328895794.jpg_]
[www.tgv4plus.com/zurich-21-22-may-2019.html]
[www.tgv4plus.com/_/uploads/1/5/3/7/153740447/background-images/795430375.jpg_]
[www.tgv4plus.com/singapore-3-4-april-2019.html]
[www.tgv4plus.com/uploads/1/5/3/7/153740447/screen-shot-2020-01-08-at-10-47-58-am-orig_orig.png]
[www.tgv4plus.com/uploads/1/5/3/7/153740447/investhk-logo-en-orig_orig.jpg]
[www.tgv4plus.com/uploads/1/5/3/7/153740447/norton-rose-fulbright-logo-1-orig_orig.png]
[www.tgv4plus.com/uploads/1/5/3/7/153740447/gsx-full-logo-orig_orig.png]
[www.tgv4plus.com/_/uploads/1/5/3/7/153740447/background-images/1904783269.png_]
[www.tgv4plus.com/hong-kong-19-february-2019.html]
[www.tgv4plus.com/uploads/1/5/3/7/153740447/trustsquare-2_orig.png]
[www.tgv4plus.com/uploads/1/5/3/7/153740447/schwenke-2_orig.png]
[www.tgv4plus.com/_/uploads/1/5/3/7/153740447/background-images/1735849707.jpg_]
[www.tgv4plus.com/zurich-event-11-dec-2018.html]
[www.tgv4plus.com/uploads/1/5/3/7/153740447/published/herocity-3ce6d.png]
[www.tgv4plus.com/uploads/1/5/3/7/153740447/pc-logo-tagline-2-2_orig.jpg]
[www.tgv4plus.com/uploads/1/5/3/7/153740447/paywiff-2_orig.png]
[www.tgv4plus.com/uploads/1/5/3/7/153740447/published/experten-wallstreet-online-848x477-2b5a9.gif]
[www.tgv4plus.com/uploads/1/5/3/7/153740447/galvanize-logo-4c-602x234-3_orig.png]
[www.tgv4plus.com/_/uploads/1/5/3/7/153740447/background-images/854962460.png_]
[www.tgv4plus.com/san-francisco-12-13-sep-2018.html]
[www.tgv4plus.com/_/uploads/1/5/3/7/153740447/background-images/1881254445.jpg_]
[www.tgv4plus.com/gothenburg-16-august-2018.html]
[www.tgv4plus.com/uploads/1/5/3/7/153740447/2000px-credit-suisse-logo-svg-7_orig.png]
[www.tgv4plus.com/uploads/1/5/3/7/153740447/dentons-2_orig.png]
[www.tgv4plus.com/uploads/1/5/3/7/153740447/digitalx-2_orig.png]
[www.tgv4plus.com/_/uploads/1/5/3/7/153740447/background-images/120709294.jpg_]
[www.tgv4plus.com/new-york-11-july-2018.html]
[www.tgv4plus.com/uploads/1/5/3/7/153740447/axa-2_orig.png]
[www.tgv4plus.com/_/uploads/1/5/3/7/153740447/background-images/1697832498.jpg_]
[www.tgv4plus.com/shanghai-20-21-june-2018.html]
[www.tgv4plus.com/uploads/1/5/3/7/153740447/gbx-about-5_orig.png]
[www.tgv4plus.com/uploads/1/5/3/7/153740447/investhk-4_orig.png]
[www.tgv4plus.com/uploads/1/5/3/7/153740447/stryking-entertainment-10_orig.png]
[www.tgv4plus.com/uploads/1/5/3/7/153740447/2000px-credit-suisse-logo-svg-6_orig.png]
[www.tgv4plus.com/uploads/1/5/3/7/153740447/bryan-cave-logo-svg-5_orig.png]
[www.tgv4plus.com/_/uploads/1/5/3/7/153740447/background-images/439775695.jpg_]
[www.tgv4plus.com/hong-kong-9-10-may-2018.html]
[www.tgv4plus.com/uploads/1/5/3/7/153740447/bluzelle-9_orig.png]
[www.tgv4plus.com/uploads/1/5/3/7/153740447/rise-mumbai-3_orig.png]
[www.tgv4plus.com/_/uploads/1/5/3/7/153740447/background-images/756031582.jpg_]
[www.tgv4plus.com/mumbai-3rd-4th-april-2018.html]
[www.tgv4plus.com/uploads/1/5/3/7/153740447/wongpartnership-4_orig.jpg]
[www.tgv4plus.com/uploads/1/5/3/7/153740447/kenetic-capital-6_orig.png]
[www.tgv4plus.com/uploads/1/5/3/7/153740447/bluzelle-7_orig.png]
[www.tgv4plus.com/uploads/1/5/3/7/153740447/stryking-entertainment-8_orig.png]
[www.tgv4plus.com/_/uploads/1/5/3/7/153740447/background-images/1974297012.jpg_]
[www.tgv4plus.com/singapore-12-march-2018.html]
[www.tgv4plus.com/uploads/1/5/3/7/153740447/anderson-mori-tomotsune-3_orig.png]
[www.tgv4plus.com/uploads/1/5/3/7/153740447/kenetic-capital-7_orig.png]
[www.tgv4plus.com/_/uploads/1/5/3/7/153740447/background-images/193260809.jpg_]
[www.tgv4plus.com/tokyo-24-25-jan-2018.html]
[www.tgv4plus.com/uploads/1/5/3/7/153740447/sap-io-4_orig.png]
[www.tgv4plus.com/uploads/1/5/3/7/153740447/microsoft-png16-4_orig.png]
[www.tgv4plus.com/_/uploads/1/5/3/7/153740447/background-images/93739718.jpg_]
[www.tgv4plus.com/berlin-12-14-dec-2017.html]
[www.tgv4plus.com/uploads/1/5/3/7/153740447/wongpartnership-5_orig.jpg]
[www.tgv4plus.com/uploads/1/5/3/7/153740447/kenetic-capital-8_orig.png]
[www.tgv4plus.com/_/uploads/1/5/3/7/153740447/background-images/1157671347.jpg_]
[www.tgv4plus.com/singapore-13-nov-2017.html]
[www.tgv4plus.com/_/uploads/1/5/3/7/153740447/background-images/1564323416.jpg_]
[www.tgv4plus.com/singapore-3-oct-2017.html]
[www.tgv4plus.com/uploads/1/5/3/7/153740447/googlelaunchpad-5_orig.png]
[www.tgv4plus.com/uploads/1/5/3/7/153740447/wsgr-horiz-bxw-8_orig.png]
[www.tgv4plus.com/_/uploads/1/5/3/7/153740447/background-images/210886099.jpg_]
[www.tgv4plus.com/san-francisco-13-sep-2017.html]
[www.tgv4plus.com/uploads/1/5/3/7/153740447/screen-shot-2017-07-20-at-9-25-46-am-orig-2_orig.png]
[www.tgv4plus.com/_/uploads/1/5/3/7/153740447/background-images/1379598098.32b.delayed]
[www.tgv4plus.com/new-york-12-jul-2017.html]
[www.tgv4plus.com/_/uploads/1/5/3/7/153740447/background-images/475984738.jpg_]
[www.tgv4plus.com/hong-kong-9-may-2017.html]
[www.tgv4plus.com/london-21-mar-2017.html]
[www.tgv4plus.com/_/uploads/1/5/3/7/153740447/background-images/1132394901.jpg_]
[www.tgv4plus.com/singapore-1-mar-2017.html]
[www.tgv4plus.com/_/uploads/1/5/3/7/153740447/background-images/854007793.jpg_]
[www.tgv4plus.com/mumbai-7-feb-2017.html]
[www.tgv4plus.com/_/uploads/1/5/3/7/153740447/background-images/1924383986.jpg_]
[www.tgv4plus.com/shanghai-23-jan-2017.html]
[www.tgv4plus.com/_/uploads/1/5/3/7/153740447/background-images/330777749.jpg_]
[www.tgv4plus.com/singapore-14-nov-2016.html]
[www.tgv4plus.com/_/uploads/1/5/3/7/153740447/background-images/1122025816.jpg_]
[www.tgv4plus.com/nordics-1st-2nd-nov-2016.html]
[www.tgv4plus.com/_/uploads/1/5/3/7/153740447/background-images/2028987636.jpg_]
[www.tgv4plus.com/new-york-29-sep-2016.html]
[www.tgv4plus.com/new-york-8-jun-2016.html]
[www.tgv4plus.com/_/uploads/1/5/3/7/153740447/background-images/609292756.jpg_]
[www.tgv4plus.com/hong-kong-30-may-2016.html]
[www.tgv4plus.com/_/uploads/1/5/3/7/153740447/background-images/595217462.jpg_]
[www.tgv4plus.com/beijing-11-may-2016.html]
[www.tgv4plus.com/_/uploads/1/5/3/7/153740447/background-images/1328878789.jpg_]
[www.tgv4plus.com/singapore-28-apr-2016.html]
[www.tgv4plus.com/_/uploads/1/5/3/7/153740447/background-images/776402272.jpg_]
[www.tgv4plus.com/stockholm-22-apr-2016.html]
[www.tgv4plus.com/_/uploads/1/5/3/7/153740447/background-images/1294456412.jpg_]
[www.tgv4plus.com/san-francisco-18-apr-2016.html]
[www.tgv4plus.com/_/uploads/1/5/3/7/153740447/background-images/1168776309.jpg_]
[www.tgv4plus.com/paris-21-jan-2016.html]
[www.tgv4plus.com/_/uploads/1/5/3/7/153740447/background-images/336703714.jpg_]
[www.tgv4plus.com/london-20-jan-2016.html]
[www.tgv4plus.com/_/uploads/1/5/3/7/153740447/background-images/1500986008.jpg_]
[www.tgv4plus.com/stockholm-10-nov-2015.html]
[www.tgv4plus.com/_/uploads/1/5/3/7/153740447/background-images/498620572.html]
[www.tgv4plus.com/_/uploads/1/5/3/7/153740447/background-images/850355939.html]
[www.tgv4plus.com/_/uploads/1/5/3/7/153740447/background-images/1867253933.html]
[www.tgv4plus.com/cdn-cgi/l/email-protection.html]
[www.tgv4plus.com/_/uploads/1/5/3/7/153740447/background-images/1750386233.html]
[www.tgv4plus.com/_/uploads/1/5/3/7/153740447/background-images/1424446558.html]
[www.tgv4plus.com/_/uploads/1/5/3/7/153740447/background-images/165777267.html]
[www.tgv4plus.com/_/uploads/1/5/3/7/153740447/background-images/1060536866.html]
[www.tgv4plus.com/_/uploads/1/5/3/7/153740447/background-images/1721559836.html]
[www.tgv4plus.com/_/uploads/1/5/3/7/153740447/background-images/1537823552.html]
[www.tgv4plus.com/_/uploads/1/5/3/7/153740447/background-images/1445421663.html]
[www.tgv4plus.com/_/uploads/1/5/3/7/153740447/background-images/300222012.html]
[www.tgv4plus.com/_/uploads/1/5/3/7/153740447/background-images/792336463.html]
[www.tgv4plus.com/_/uploads/1/5/3/7/153740447/background-images/1516140892.html]
[www.tgv4plus.com/_/uploads/1/5/3/7/153740447/background-images/113930800.html]
[www.tgv4plus.com/_/uploads/1/5/3/7/153740447/background-images/1393372156.html]
[www.tgv4plus.com/_/uploads/1/5/3/7/153740447/background-images/664531124.html]
[www.tgv4plus.com/_/uploads/1/5/3/7/153740447/background-images/358310378.html]
[www.tgv4plus.com/_/uploads/1/5/3/7/153740447/background-images/367449665.html]
[www.tgv4plus.com/_/uploads/1/5/3/7/153740447/background-images/1051065379.html]
[www.tgv4plus.com/_/uploads/1/5/3/7/153740447/background-images/1200209298.html]
[www.tgv4plus.com/_/uploads/1/5/3/7/153740447/background-images/467254579.html]
[www.tgv4plus.com/_/uploads/1/5/3/7/153740447/background-images/304116676.html]
[www.tgv4plus.com/_/uploads/1/5/3/7/153740447/background-images/438853316.html]
[www.tgv4plus.com/_/uploads/1/5/3/7/153740447/background-images/992711196.html]
[www.tgv4plus.com/_/uploads/1/5/3/7/153740447/background-images/1310671237.html]
[www.tgv4plus.com/_/uploads/1/5/3/7/153740447/background-images/1884537763.html]
[www.tgv4plus.com/_/uploads/1/5/3/7/153740447/background-images/1456541126.html]
[www.tgv4plus.com/_/uploads/1/5/3/7/153740447/background-images/1696044599.html]
[www.tgv4plus.com/_/uploads/1/5/3/7/153740447/background-images/1720016392.html]
[www.tgv4plus.com/_/uploads/1/5/3/7/153740447/background-images/555927005.html]
[www.tgv4plus.com/_/uploads/1/5/3/7/153740447/background-images/1108612698.html]
[www.tgv4plus.com/_/uploads/1/5/3/7/153740447/background-images/1810922587.html]
[www.tgv4plus.com/_/uploads/1/5/3/7/153740447/background-images/1543477429.html]
[www.tgv4plus.com/_/uploads/1/5/3/7/153740447/background-images/299583819.html]
[www.tgv4plus.com/_/uploads/1/5/3/7/153740447/background-images/1797729588.html]
[www.tgv4plus.com/_/uploads/1/5/3/7/153740447/background-images/9597159.html]
[www.tgv4plus.com/_/uploads/1/5/3/7/153740447/background-images/1454148396.html]
[www.tgv4plus.com/_/uploads/1/5/3/7/153740447/background-images/1782555597.html]
[www.tgv4plus.com/_/uploads/1/5/3/7/153740447/background-images/376080082.html]
[www.tgv4plus.com/_/uploads/1/5/3/7/153740447/background-images/121266193.html]
[www.tgv4plus.com/_/uploads/1/5/3/7/153740447/background-images/2006101024.html]
[www.tgv4plus.com/_/uploads/1/5/3/7/153740447/background-images/1194504299.html]
[www.tgv4plus.com/_/uploads/1/5/3/7/153740447/background-images/1529029185.html]
[www.tgv4plus.com/_/uploads/1/5/3/7/153740447/background-images/221478872.html]
[www.tgv4plus.com/_/uploads/1/5/3/7/153740447/background-images/1018087063.html]
[www.tgv4plus.com/_/uploads/1/5/3/7/153740447/background-images/1798262208.html]
[www.tgv4plus.com/_/uploads/1/5/3/7/153740447/background-images/1714994964.html]
[www.tgv4plus.com/_/uploads/1/5/3/7/153740447/background-images/1499743403.html]
[www.tgv4plus.com/_/uploads/1/5/3/7/153740447/background-images/1147398100.html]
[www.tgv4plus.com/_/uploads/1/5/3/7/153740447/background-images/446865757.html]
[www.tgv4plus.com/_/uploads/1/5/3/7/153740447/background-images/1008768012.html]
[www.tgv4plus.com/_/uploads/1/5/3/7/153740447/background-images/1372044701.html]
[www.tgv4plus.com/_/uploads/1/5/3/7/153740447/background-images/1836760530.html]
[www.tgv4plus.com/_/uploads/1/5/3/7/153740447/background-images/963336237.html]
[www.tgv4plus.com/_/cdn2.editmysite.com/images/editor/theme-background/stock/Sailing2.html]
[www.tgv4plus.com/_/uploads/1/5/3/7/153740447/background-images/708559813.html]
[www.tgv4plus.com/_/uploads/1/5/3/7/153740447/background-images/1788928584.html]
[www.tgv4plus.com/_/uploads/1/5/3/7/153740447/background-images/1569524211.html]
[www.tgv4plus.com/_/uploads/1/5/3/7/153740447/background-images/693609754.html]
[www.tgv4plus.com/_/uploads/1/5/3/7/153740447/background-images/1100540422.html]
[www.tgv4plus.com/_/uploads/1/5/3/7/153740447/background-images/1184336173.html]
[www.tgv4plus.com/_/uploads/1/5/3/7/153740447/background-images/2115938021.html]
[www.tgv4plus.com/_/uploads/1/5/3/7/153740447/background-images/461777047.html]
[www.tgv4plus.com/_/uploads/1/5/3/7/153740447/background-images/1900245871.html]
[www.tgv4plus.com/_/uploads/1/5/3/7/153740447/background-images/787335298.html]
[www.tgv4plus.com/_/uploads/1/5/3/7/153740447/background-images/721460377.html]
[www.tgv4plus.com/_/uploads/1/5/3/7/153740447/background-images/382825700.html]
[www.tgv4plus.com/_/uploads/1/5/3/7/153740447/background-images/1328895794.html]
[www.tgv4plus.com/_/uploads/1/5/3/7/153740447/background-images/795430375.html]
[www.tgv4plus.com/_/uploads/1/5/3/7/153740447/background-images/1904783269.html]
[www.tgv4plus.com/_/uploads/1/5/3/7/153740447/background-images/1735849707.html]
[www.tgv4plus.com/_/uploads/1/5/3/7/153740447/background-images/854962460.html]
[www.tgv4plus.com/_/uploads/1/5/3/7/153740447/background-images/1881254445.html]
[www.tgv4plus.com/_/uploads/1/5/3/7/153740447/background-images/120709294.html]
[www.tgv4plus.com/_/uploads/1/5/3/7/153740447/background-images/1697832498.html]
[www.tgv4plus.com/_/uploads/1/5/3/7/153740447/background-images/439775695.html]
[www.tgv4plus.com/_/uploads/1/5/3/7/153740447/background-images/756031582.html]
[www.tgv4plus.com/_/uploads/1/5/3/7/153740447/background-images/1974297012.html]
[www.tgv4plus.com/_/uploads/1/5/3/7/153740447/background-images/193260809.html]
[www.tgv4plus.com/_/uploads/1/5/3/7/153740447/background-images/93739718.html]
[www.tgv4plus.com/_/uploads/1/5/3/7/153740447/background-images/1157671347.html]
[www.tgv4plus.com/_/uploads/1/5/3/7/153740447/background-images/1564323416.html]
[www.tgv4plus.com/_/uploads/1/5/3/7/153740447/background-images/210886099.html]
[www.tgv4plus.com/_/uploads/1/5/3/7/153740447/background-images/1379598098.html]
[www.tgv4plus.com/_/uploads/1/5/3/7/153740447/background-images/475984738.html]
[www.tgv4plus.com/_/uploads/1/5/3/7/153740447/background-images/1132394901.html]
[www.tgv4plus.com/_/uploads/1/5/3/7/153740447/background-images/854007793.html]
[www.tgv4plus.com/_/uploads/1/5/3/7/153740447/background-images/1924383986.html]
[www.tgv4plus.com/_/uploads/1/5/3/7/153740447/background-images/330777749.html]
[www.tgv4plus.com/_/uploads/1/5/3/7/153740447/background-images/1122025816.html]
[www.tgv4plus.com/_/uploads/1/5/3/7/153740447/background-images/2028987636.html]
[www.tgv4plus.com/_/uploads/1/5/3/7/153740447/background-images/609292756.html]
[www.tgv4plus.com/_/uploads/1/5/3/7/153740447/background-images/595217462.html]
[www.tgv4plus.com/_/uploads/1/5/3/7/153740447/background-images/1328878789.html]
[www.tgv4plus.com/_/uploads/1/5/3/7/153740447/background-images/776402272.html]
[www.tgv4plus.com/_/uploads/1/5/3/7/153740447/background-images/1294456412.html]
[www.tgv4plus.com/_/uploads/1/5/3/7/153740447/background-images/1168776309.html]
[www.tgv4plus.com/_/uploads/1/5/3/7/153740447/background-images/336703714.html]
[www.tgv4plus.com/_/uploads/1/5/3/7/153740447/background-images/1500986008.html]
